Component: ARM Compiler 5.06 update 1 (build 61) Tool: armlink [4d35a8]

==============================================================================

Section Cross References

    main.o(.text) refers to misc.o(.text) for NVIC_PriorityGroupConfig
    main.o(.text) refers to gpio.o(.text) for MYGPIO_Init
    main.o(.text) refers to timer.o(.text) for PWM_ParameterConfiguration
    main.o(.text) refers to usart.o(.text) for uart_init2
    main.o(.text) refers to motor.o(.text) for ESC_Init
    main.o(.text) refers to a4988.o(.text) for MOTOR_Init
    main.o(.text) refers to ms5837.o(.text) for MS5837_init
    main.o(.text) refers to action.o(.text) for Start
    main.o(.text) refers to main.o(.data) for key
    system_stm32f10x.o(.text) refers to system_stm32f10x.o(.data) for SystemCoreClock
    action.o(.text) refers to servo.o(.text) for L_Elbow
    led.o(.text) refers to stm32f10x_rcc.o(.text) for RCC_APB2PeriphClockCmd
    led.o(.text) refers to stm32f10x_gpio.o(.text) for GPIO_Init
    led.o(.text) refers to delay.o(.text) for delay_ms
    as5600.o(.text) refers to iic.o(.text) for MyI2C_Start
    ms5837.o(.text) refers to iic.o(.text) for MyI2C_Start
    ms5837.o(.text) refers to delay.o(.text) for delay_ms
    ms5837.o(.text) refers to lludivv7m.o(.text) for __aeabi_uldivmod
    ms5837.o(.text) refers to dfltll_clz.o(x$fpl$dfltull) for __aeabi_ul2d
    ms5837.o(.text) refers to ffltll_clz.o(x$fpl$ffltll) for __aeabi_ul2f
    ms5837.o(.text) refers to fmul.o(x$fpl$fmul) for __aeabi_fmul
    ms5837.o(.text) refers to fdiv.o(x$fpl$fdiv) for __aeabi_fdiv
    ms5837.o(.text) refers to ffixu.o(x$fpl$ffixu) for __aeabi_f2uiz
    ms5837.o(.text) refers to dflt_clz.o(x$fpl$dfltu) for __aeabi_ui2d
    ms5837.o(.text) refers to daddsub_clz.o(x$fpl$drsb) for __aeabi_drsub
    ms5837.o(.text) refers to daddsub_clz.o(x$fpl$dsub) for __aeabi_dsub
    ms5837.o(.text) refers to ddiv.o(x$fpl$ddiv) for __aeabi_ddiv
    ms5837.o(.text) refers to dfixu.o(x$fpl$dfixu) for __aeabi_d2uiz
    ms5837.o(.text) refers to daddsub_clz.o(x$fpl$dadd) for __aeabi_dadd
    ms5837.o(.text) refers to f2d.o(x$fpl$f2d) for __aeabi_f2d
    ms5837.o(.text) refers to ms5837.o(.data) for D1_Pres
    ms5837.o(.text) refers to ms5837.o(.bss) for Cal_C
    a4988.o(.text) refers to stm32f10x_rcc.o(.text) for RCC_APB2PeriphClockCmd
    a4988.o(.text) refers to stm32f10x_gpio.o(.text) for GPIO_Init
    a4988.o(.text) refers to delay.o(.text) for delay_us
    a4988.o(.text) refers to a4988.o(.data) for test_look1
    servo.o(.text) refers to f2d.o(x$fpl$f2d) for __aeabi_f2d
    servo.o(.text) refers to ddiv.o(x$fpl$ddiv) for __aeabi_ddiv
    servo.o(.text) refers to dmul.o(x$fpl$dmul) for __aeabi_dmul
    servo.o(.text) refers to daddsub_clz.o(x$fpl$dadd) for __aeabi_dadd
    servo.o(.text) refers to dfixu.o(x$fpl$dfixu) for __aeabi_d2uiz
    servo.o(.text) refers to stm32f10x_tim.o(.text) for TIM_SetCompare1
    servo.o(.text) refers to fleqf.o(x$fpl$fleqf) for __aeabi_cfcmple
    servo.o(.text) refers to frleqf.o(x$fpl$frleqf) for __aeabi_cfrcmple
    servo.o(.text) refers to fmul.o(x$fpl$fmul) for __aeabi_fmul
    servo.o(.text) refers to faddsub_clz.o(x$fpl$fadd) for __aeabi_fadd
    servo.o(.text) refers to ffixu.o(x$fpl$ffixu) for __aeabi_f2uiz
    motor.o(.text) refers to stm32f10x_tim.o(.text) for TIM_SetCompare1
    gpio.o(.text) refers to stm32f10x_rcc.o(.text) for RCC_APB2PeriphClockCmd
    gpio.o(.text) refers to stm32f10x_gpio.o(.text) for GPIO_Init
    stmflash.o(.text) refers to stm32f10x_flash.o(.text) for FLASH_ProgramHalfWord
    stmflash.o(.text) refers to stmflash.o(.bss) for STMFLASH_BUF
    timer.o(.text) refers to stm32f10x_rcc.o(.text) for RCC_APB2PeriphClockCmd
    timer.o(.text) refers to stm32f10x_gpio.o(.text) for GPIO_PinRemapConfig
    timer.o(.text) refers to stm32f10x_tim.o(.text) for TIM_TimeBaseInit
    iic.o(.text) refers to stm32f10x_gpio.o(.text) for GPIO_WriteBit
    iic.o(.text) refers to delay.o(.text) for delay_us
    iic.o(.text) refers to stm32f10x_rcc.o(.text) for RCC_APB2PeriphClockCmd
    usart.o(.text) refers to stm32f10x_rcc.o(.text) for RCC_APB1PeriphClockCmd
    usart.o(.text) refers to stm32f10x_gpio.o(.text) for GPIO_Init
    usart.o(.text) refers to misc.o(.text) for NVIC_Init
    usart.o(.text) refers to stm32f10x_usart.o(.text) for USART_Init
    usart.o(.text) refers to vsprintf.o(.text) for vsprintf
    usart.o(.text) refers to usart.o(.data) for Serial_RxFlag
    usart.o(.text) refers to usart.o(.bss) for uart_rx_buffer
    usart.o(.text) refers to main.o(.data) for key
    startup_stm32f10x_hd.o(STACK) refers (Special) to heapauxi.o(.text) for __use_two_region_memory
    startup_stm32f10x_hd.o(HEAP) refers (Special) to heapauxi.o(.text) for __use_two_region_memory
    startup_stm32f10x_hd.o(RESET) refers (Special) to heapauxi.o(.text) for __use_two_region_memory
[...]
    ADCPrescTable                            0x200000d7   Data           4  stm32f10x_rcc.o(.data)
    .bss                                     0x200000dc   Section       84  ms5837.o(.bss)
    .bss                                     0x20000130   Section      256  usart.o(.bss)
    .bss                                     0x20000230   Section       96  libspace.o(.bss)
    HEAP                                     0x20000290   Section      512  startup_stm32f10x_hd.o(HEAP)
    Heap_Mem                                 0x20000290   Data         512  startup_stm32f10x_hd.o(HEAP)
    STACK                                    0x20000490   Section     1024  startup_stm32f10x_hd.o(STACK)
    Stack_Mem                                0x20000490   Data        1024  startup_stm32f10x_hd.o(STACK)
    __initial_sp                             0x20000890   Data           0  startup_stm32f10x_hd.o(STACK)

    Global Symbols

    Symbol Name                              Value     Ov Type        Size  Object(Section)

    BuildAttributes$$THM_ISAv4$P$D$K$B$S$PE$A:L22UL41UL21$X:L11$S22US41US21$IEEE1$IW$USESV6$~STKCKD$USESV7$~SHL$OTIME$ROPI$IEEEJ$EBA8$UX$STANDARDLIB$REQ8$PRES8$EABIv2 0x00000000   Number         0  anon$$obj.o ABSOLUTE
    __ARM_use_no_argv                        0x00000000   Number         0  main.o ABSOLUTE
    _printf_flags                            0x00000000   Number         0  printf_stubs.o ABSOLUTE
    _printf_return_value                     0x00000000   Number         0  printf_stubs.o ABSOLUTE
    _printf_sizespec                         0x00000000   Number         0  printf_stubs.o ABSOLUTE
    _printf_widthprec                        0x00000000   Number         0  printf_stubs.o ABSOLUTE
    __ARM_exceptions_init                     - Undefined Weak Reference
    __alloca_initialize                       - Undefined Weak Reference
    __arm_preinit_                            - Undefined Weak Reference
    __cpp_initialize__aeabi_                  - Undefined Weak Reference
    __cxa_finalize                            - Undefined Weak Reference
    __sigvec_lookup                           - Undefined Weak Reference
    _atexit_init                              - Undefined Weak Reference
    _call_atexit_fns                          - Undefined Weak Reference
    _clock_init                               - Undefined Weak Reference
    _fp_trap_init                             - Undefined Weak Reference
    _fp_trap_shutdown                         - Undefined Weak Reference
    _get_lc_collate                           - Undefined Weak Reference
    _get_lc_monetary                          - Undefined Weak Reference
    _get_lc_time                              - Undefined Weak Reference
    _getenv_init                              - Undefined Weak Reference
    _handle_redirection                       - Undefined Weak Reference
    _init_alloc                               - Undefined Weak Reference
    _init_user_alloc                          - Undefined Weak Reference
    _initio                                   - Undefined Weak Reference
    _printf_mbtowc                            - Undefined Weak Reference
    _printf_wc                                - Undefined Weak Reference
    _rand_init                                - Undefined Weak Reference
    _signal_finish                            - Undefined Weak Reference
    _signal_init                              - Undefined Weak Reference
    _terminate_alloc                          - Undefined Weak Reference
    _terminate_user_alloc                     - Undefined Weak Reference
    _terminateio                              - Undefined Weak Reference
    __Vectors_Size                           0x00000130   Number         0  startup_stm32f10x_hd.o ABSOLUTE
    __Vectors                                0x08000000   Data           4  startup_stm32f10x_hd.o(RESET)
    __Vectors_End                            0x08000130   Data           0  startup_stm32f10x_hd.o(RESET)
    __main                                   0x08000131   Thumb Code     8  __main.o(!!!main)
    __scatterload                            0x08000139   Thumb Code     0  __scatter.o(!!!scatter)
    __scatterload_rt2                        0x08000139   Thumb Code    44  __scatter.o(!!!scatter)
    __scatterload_rt2_thumb_only             0x08000139   Thumb Code     0  __scatter.o(!!!scatter)
    __scatterload_null                       0x08000147   Thumb Code     0  __scatter.o(!!!scatter)
    __scatterload_copy                       0x0800016d   Thumb Code    26  __scatter_copy.o(!!handler_copy)
    __scatterload_zeroinit                   0x08000189   Thumb Code    28  __scatter_zi.o(!!handler_zi)
    _printf_n                                0x080001a5   Thumb Code     0  _printf_n.o(.ARM.Collect$$_printf_percent$$00000001)
    _printf_percent                          0x080001a5   Thumb Code     0  _printf_percent.o(.ARM.Collect$$_printf_percent$$00000000)
    _printf_p                                0x080001ab   Thumb Code     0  _printf_p.o(.ARM.Collect$$_printf_percent$$00000002)
    _printf_f                                0x080001b1   Thumb Code     0  _printf_f.o(.ARM.Collect$$_printf_percent$$00000003)
    _printf_e                                0x080001b7   Thumb Code     0  _printf_e.o(.ARM.Collect$$_printf_percent$$00000004)
    _printf_g                                0x080001bd   Thumb Code     0  _printf_g.o(.ARM.Collect$$_printf_percent$$00000005)
    _printf_a                                0x080001c3   Thumb Code     0  _printf_a.o(.ARM.Collect$$_printf_percent$$00000006)
    _printf_ll                               0x080001c9   Thumb Code     0  _printf_ll.o(.ARM.Collect$$_printf_percent$$00000007)
    _printf_i                                0x080001d3   Thumb Code     0  _printf_i.o(.ARM.Collect$$_printf_percent$$00000008)
    _printf_d                                0x080001d9   Thumb Code     0  _printf_d.o(.ARM.Collect$$_printf_percent$$00000009)
    _printf_u                                0x080001df   Thumb Code     0  _printf_u.o(.ARM.Collect$$_printf_percent$$0000000A)
    _printf_o                                0x080001e5   Thumb Code     0  _printf_o.o(.ARM.Collect$$_printf_percent$$0000000B)
    _printf_x                                0x080001eb   Thumb Code     0  _printf_x.o(.ARM.Collect$$_printf_percent$$0000000C)
    _printf_lli                              0x080001f1   Thumb Code     0  _printf_lli.o(.ARM.Collect$$_printf_percent$$0000000D)
    _printf_lld                              0x080001f7   Thumb Code     0  _printf_lld.o(.ARM.Collect$$_printf_percent$$0000000E)
    _printf_llu                              0x080001fd   Thumb Code     0  _printf_llu.o(.ARM.Collect$$_printf_percent$$0000000F)
    _printf_llo                              0x08000203   Thumb Code     0  _printf_llo.o(.ARM.Collect$$_printf_percent$$00000010)
    _printf_llx                              0x08000209   Thumb Code     0  _printf_llx.o(.ARM.Collect$$_printf_percent$$00000011)
    _printf_l                                0x0800020f   Thumb Code     0  _printf_l.o(.ARM.Collect$$_printf_percent$$00000012)
    _printf_c                                0x08000219   Thumb Code     0  _printf_c.o(.ARM.Collect$$_printf_percent$$00000013)
    _printf_s                                0x0800021f   Thumb Code     0  _printf_s.o(.ARM.Collect$$_printf_percent$$00000014)
    _printf_lc                               0x08000225   Thumb Code     0  _printf_lc.o(.ARM.Collect$$_printf_percent$$00000015)
    _printf_ls                               0x0800022b   Thumb Code     0  _printf_ls.o(.ARM.Collect$$_printf_percent$$00000016)
    _printf_percent_end                      0x08000231   Thumb Code     0  _printf_percent_end.o(.ARM.Collect$$_printf_percent$$00000017)
    __rt_lib_init                            0x08000235   Thumb Code     0  libinit.o(.ARM.Collect$$libinit$$00000000)
    __rt_lib_init_fp_1                       0x08000237   Thumb Code     0  libinit2.o(.ARM.Collect$$libinit$$00000002)
    __rt_lib_init_heap_1                     0x08000237   Thumb Code     0  libinit2.o(.ARM.Collect$$libinit$$0000000A)
    __rt_lib_init_lc_common                  0x08000237   Thumb Code     0  libinit2.o(.ARM.Collect$$libinit$$0000000F)
    __rt_lib_init_preinit_1                  0x08000237   Thumb Code     0  libinit2.o(.ARM.Collect$$libinit$$00000004)
    __rt_lib_init_rand_1                     0x08000237   Thumb Code     0  libinit2.o(.ARM.Collect$$libinit$$0000000E)
    __rt_lib_init_user_alloc_1               0x08000237   Thumb Code     0  libinit2.o(.ARM.Collect$$libinit$$0000000C)
    __rt_lib_init_lc_collate_1               0x0800023d   Thumb Code     0  libinit2.o(.ARM.Collect$$libinit$$00000011)
    __rt_lib_init_lc_ctype_2                 0x0800023d   Thumb Code     0  libinit2.o(.ARM.Collect$$libinit$$00000012)
    __rt_lib_init_lc_ctype_1                 0x08000249   Thumb Code     0  libinit2.o(.ARM.Collect$$libinit$$00000013)
    __rt_lib_init_lc_monetary_1              0x08000249   Thumb Code     0  libinit2.o(.ARM.Collect$$libinit$$00000015)
    __rt_lib_init_lc_numeric_2               0x08000249   Thumb Code     0  libinit2.o(.ARM.Collect$$libinit$$00000016)
    __rt_lib_init_alloca_1                   0x08000253   Thumb Code     0  libinit2.o(.ARM.Collect$$libinit$$0000002E)
    __rt_lib_init_argv_1                     0x08000253   Thumb Code     0  libinit2.o(.ARM.Collect$$libinit$$0000002C)
    __rt_lib_init_atexit_1                   0x08000253   Thumb Code     0  libinit2.o(.ARM.Collect$$libinit$$0000001B)
    __rt_lib_init_clock_1                    0x08000253   Thumb Code     0  libinit2.o(.ARM.Collect$$libinit$$00000021)
    __rt_lib_init_cpp_1                      0x08000253   Thumb Code     0  libinit2.o(.ARM.Collect$$libinit$$00000032)
    __rt_lib_init_exceptions_1               0x08000253   Thumb Code     0  libinit2.o(.ARM.Collect$$libinit$$00000030)
    __rt_lib_init_fp_trap_1                  0x08000253   Thumb Code     0  libinit2.o(.ARM.Collect$$libinit$$0000001F)
    __rt_lib_init_getenv_1                   0x08000253   Thumb Code     0  libinit2.o(.ARM.Collect$$libinit$$00000023)
    __rt_lib_init_lc_numeric_1               0x08000253   Thumb Code     0  libinit2.o(.ARM.Collect$$libinit$$00000017)
    __rt_lib_init_lc_time_1                  0x08000253   Thumb Code     0  libinit2.o(.ARM.Collect$$libinit$$00000019)
    __rt_lib_init_return                     0x08000253   Thumb Code     0  libinit2.o(.ARM.Collect$$libinit$$00000033)
    __rt_lib_init_signal_1                   0x08000253   Thumb Code     0  libinit2.o(.ARM.Collect$$libinit$$0000001D)
    __rt_lib_init_stdio_1                    0x08000253   Thumb Code     0  libinit2.o(.ARM.Collect$$libinit$$00000025)
    __rt_lib_shutdown                        0x08000255   Thumb Code     0  libshutdown.o(.ARM.Collect$$libshutdown$$00000000)
    __rt_lib_shutdown_cpp_1                  0x08000257   Thumb Code     0  libshutdown2.o(.ARM.Collect$$libshutdown$$00000002)
    __rt_lib_shutdown_fp_trap_1              0x08000257   Thumb Code     0  libshutdown2.o(.ARM.Collect$$libshutdown$$00000007)
    __rt_lib_shutdown_heap_1                 0x08000257   Thumb Code     0  libshutdown2.o(.ARM.Collect$$libshutdown$$0000000F)
    __rt_lib_shutdown_return                 0x08000257   Thumb Code     0  libshutdown2.o(.ARM.Collect$$libshutdown$$00000010)
    __rt_lib_shutdown_signal_1               0x08000257   Thumb Code     0  libshutdown2.o(.ARM.Collect$$libshutdown$$0000000A)
    __rt_lib_shutdown_stdio_1                0x08000257   Thumb Code     0  libshutdown2.o(.ARM.Collect$$libshutdown$$00000004)
    __rt_lib_shutdown_user_alloc_1           0x08000257   Thumb Code     0  libshutdown2.o(.ARM.Collect$$libshutdown$$0000000C)
    __rt_entry                               0x08000259   Thumb Code     0  __rtentry.o(.ARM.Collect$$rtentry$$00000000)
    __rt_entry_presh_1                       0x08000259   Thumb Code     0  __rtentry2.o(.ARM.Collect$$rtentry$$00000002)
    __rt_entry_sh                            0x08000259   Thumb Code     0  __rtentry4.o(.ARM.Collect$$rtentry$$00000004)
    __rt_entry_li                            0x0800025f   Thumb Code     0  __rtentry2.o(.ARM.Collect$$rtentry$$0000000A)
    __rt_entry_postsh_1                      0x0800025f   Thumb Code     0  __rtentry2.o(.ARM.Collect$$rtentry$$00000009)
    __rt_entry_main                          0x08000263   Thumb Code     0  __rtentry2.o(.ARM.Collect$$rtentry$$0000000D)
    __rt_entry_postli_1                      0x08000263   Thumb Code     0  __rtentry2.o(.ARM.Collect$$rtentry$$0000000C)
    __rt_exit                                0x0800026b   Thumb Code     0  rtexit.o(.ARM.Collect$$rtexit$$00000000)
    __rt_exit_ls                             0x0800026d   Thumb Code     0  rtexit2.o(.ARM.Collect$$rtexit$$00000003)
    __rt_exit_prels_1                        0x0800026d   Thumb Code     0  rtexit2.o(.ARM.Collect$$rtexit$$00000002)
    __rt_exit_exit                           0x08000271   Thumb Code     0  rtexit2.o(.ARM.Collect$$rtexit$$00000004)
    Get_work_state                           0x08000279   Thumb Code    32  main.o(.text)
    main                                     0x08000299   Thumb Code   250  main.o(.text)
    NMI_Handler                              0x080003a9   Thumb Code     2  stm32f10x_it.o(.text)
    HardFault_Handler                        0x080003ab   Thumb Code     4  stm32f10x_it.o(.text)
    MemManage_Handler                        0x080003af   Thumb Code     4  stm32f10x_it.o(.text)
    BusFault_Handler                         0x080003b3   Thumb Code     4  stm32f10x_it.o(.text)
    UsageFault_Handler                       0x080003b7   Thumb Code     4  stm32f10x_it.o(.text)
    SVC_Handler                              0x080003bb   Thumb Code     2  stm32f10x_it.o(.text)
    DebugMon_Handler                         0x080003bd   Thumb Code     2  stm32f10x_it.o(.text)
    PendSV_Handler                           0x080003bf   Thumb Code     2  stm32f10x_it.o(.text)
    SysTick_Handler                          0x080003c1   Thumb Code     2  stm32f10x_it.o(.text)
    SystemInit                               0x080004a3   Thumb Code    78  system_stm32f10x.o(.text)
    SystemCoreClockUpdate                    0x080004f1   Thumb Code   142  system_stm32f10x.o(.text)
    Start                                    0x080005a5   Thumb Code    94  action.o(.text)
    MoveForward                              0x08000603   Thumb Code    96  action.o(.text)
    MoveBackward                             0x08000663   Thumb Code    96  action.o(.text)
    MoveLeft                                 0x080006c3   Thumb Code    94  action.o(.text)
    MoveRight                                0x08000721   Thumb Code    94  action.o(.text)
    TurnLeft                                 0x0800077f   Thumb Code    94  action.o(.text)
    TurnRight                                0x080007dd   Thumb Code    94  action.o(.text)
    Ascend                                   0x0800083b   Thumb Code    94  action.o(.text)
    Descend                                  0x08000899   Thumb Code    94  action.o(.text)
    LeftHand_Open                            0x080008f7   Thumb Code    98  action.o(.text)
    RightHand_Open                           0x08000959   Thumb Code   126  action.o(.text)
    LeftARM_Open                             0x080009d7   Thumb Code    94  action.o(.text)
    RightARM_Open                            0x08000a35   Thumb Code    94  action.o(.text)
    LeftHandGrab                             0x08000a93   Thumb Code    94  action.o(.text)
    RightHandGrab                            0x08000af1   Thumb Code    94  action.o(.text)
    MS583703BA_RESET                         0x08000b59   Thumb Code    32  ms5837.o(.text)
    MS583703BA_getConversion                 0x08000b79   Thumb Code   140  ms5837.o(.text)
    MS5837_Getdata                           0x08000c05   Thumb Code  1220  ms5837.o(.text)
    MS5837_init                              0x080010c9   Thumb Code   130  ms5837.o(.text)
    sensorReadMS5837                         0x0800114b   Thumb Code    50  ms5837.o(.text)
    Send_MS5837_data                         0x0800117d   Thumb Code     2  ms5837.o(.text)
    MS5837_last_data_get                     0x0800117f   Thumb Code    34  ms5837.o(.text)
    copy_MS5837_last_data                    0x080011a1   Thumb Code    24  ms5837.o(.text)
    MOTOR_Init                               0x080011e5   Thumb Code    54  a4988.o(.text)
    motor_control                            0x0800121b   Thumb Code   112  a4988.o(.text)
    L_Claw                                   0x08001299   Thumb Code    64  servo.o(.text)
    L_Elbow                                  0x080012d9   Thumb Code    64  servo.o(.text)
    R_Claw                                   0x08001319   Thumb Code    66  servo.o(.text)
    R_Elbow                                  0x0800135b   Thumb Code    66  servo.o(.text)
    Calculate_Speed                          0x0800139d   Thumb Code    82  servo.o(.text)
    Tail_Servo1                              0x080013ef   Thumb Code    28  servo.o(.text)
    Tail_Servo2                              0x0800140b   Thumb Code    28  servo.o(.text)
    L_Upper_360                              0x08001427   Thumb Code    30  servo.o(.text)
    L_Lower_360                              0x08001445   Thumb Code    30  servo.o(.text)
    R_Upper_360                              0x08001463   Thumb Code    32  servo.o(.text)
    R_Lower_360                              0x08001483   Thumb Code    32  servo.o(.text)
    L_Motor                                  0x080014a3   Thumb Code    30  servo.o(.text)
    R_Motor                                  0x080014c1   Thumb Code    30  servo.o(.text)
    HeadMotor                                0x080014df   Thumb Code    30  servo.o(.text)
    Tail_Motor3                              0x080014fd   Thumb Code    30  servo.o(.text)
    Tail_Motor2                              0x0800151b   Thumb Code    30  servo.o(.text)
    ESC_Init                                 0x08001569   Thumb Code   160  motor.o(.text)
    MYGPIO_Init                              0x08001611   Thumb Code    76  gpio.o(.text)
    PWM_ParameterConfiguration               0x08001669   Thumb Code   516  timer.o(.text)
    MyI2C_W_SCL                              0x0800187d   Thumb Code    22  iic.o(.text)
    MyI2C_W_SDA                              0x08001893   Thumb Code    22  iic.o(.text)
    MyI2C_R_SDA                              0x080018a9   Thumb Code    22  iic.o(.text)
    MyI2C_Init                               0x080018bf   Thumb Code    56  iic.o(.text)
    MyI2C_Start                              0x080018f7   Thumb Code    28  iic.o(.text)
    MyI2C_Stop                               0x08001913   Thumb Code    22  iic.o(.text)
    MyI2C_SendByte                           0x08001929   Thumb Code    42  iic.o(.text)
    MyI2C_ReceiveByte                        0x08001953   Thumb Code    52  iic.o(.text)
    MyI2C_SendAck                            0x08001987   Thumb Code    24  iic.o(.text)
    MyI2C_ReceiveAck                         0x0800199f   Thumb Code    30  iic.o(.text)
    MYIIC_Wait_Ack                           0x080019bd   Thumb Code    62  iic.o(.text)
    MYIIC_Ack                                0x080019fb   Thumb Code    40  iic.o(.text)
    MYIIC_NAck                               0x08001a23   Thumb Code    40  iic.o(.text)
    IIC_Read_Byte                            0x08001a4b   Thumb Code    72  iic.o(.text)
    delay_us                                 0x08001a9d   Thumb Code    46  delay.o(.text)
    delay_ms                                 0x08001acb   Thumb Code    24  delay.o(.text)
    delay_s                                  0x08001ae3   Thumb Code    24  delay.o(.text)
    uart_init2                               0x08001afd   Thumb Code   154  usart.o(.text)
    Serial_SendByte                          0x08001b97   Thumb Code    28  usart.o(.text)
    Serial_SendArray                         0x08001bb3   Thumb Code    26  usart.o(.text)
    Serial_SendString                        0x08001bcd   Thumb Code    26  usart.o(.text)
    Serial_Pow                               0x08001be7   Thumb Code    20  usart.o(.text)
    Serial_SendNumber                        0x08001bfb   Thumb Code    58  usart.o(.text)
    fputc                                    0x08001c35   Thumb Code    16  usart.o(.text)
    Serial_Printf                            0x08001c45   Thumb Code    36  usart.o(.text)
    Serial_GetRxFlag                         0x08001c69   Thumb Code    22  usart.o(.text)
    Serial_GetRxData                         0x08001c7f   Thumb Code     6  usart.o(.text)
    process_data                             0x08001c85   Thumb Code    96  usart.o(.text)
    copy_last_data                           0x08001ce5   Thumb Code    20  usart.o(.text)
    reset_receive_state                      0x08001cf9   Thumb Code    12  usart.o(.text)
    USART2_IRQHandler                        0x08001d05   Thumb Code   152  usart.o(.text)
    Reset_Handler                            0x08001dd9   Thumb Code     8  startup_stm32f10x_hd.o(.text)
    ADC1_2_IRQHandler                        0x08001df3   Thumb Code     0  startup_stm32f10x_hd.o(.text)
    ADC3_IRQHandler                          0x08001df3   Thumb Code     0  startup_stm32f10x_hd.o(.text)
    CAN1_RX1_IRQHandler                      0x08001df3   Thumb Code     0  startup_stm32f10x_hd.o(.text)
    CAN1_SCE_IRQHandler                      0x08001df3   Thumb Code     0  startup_stm32f10x_hd.o(.text)
    DMA1_Channel1_IRQHandler                 0x08001df3   Thumb Code     0  startup_stm32f10x_hd.o(.text)
    DMA1_Channel2_IRQHandler                 0x08001df3   Thumb Code     0  startup_stm32f10x_hd.o(.text)
    DMA1_Channel3_IRQHandler                 0x08001df3   Thumb Code     0  startup_stm32f10x_hd.o(.text)
    DMA1_Channel4_IRQHandler                 0x08001df3   Thumb Code     0  startup_stm32f10x_hd.o(.text)
    DMA1_Channel5_IRQHandler                 0x08001df3   Thumb Code     0  startup_stm32f10x_hd.o(.text)
    DMA1_Channel6_IRQHandler                 0x08001df3   Thumb Code     0  startup_stm32f10x_hd.o(.text)
    DMA1_Channel7_IRQHandler                 0x08001df3   Thumb Code     0  startup_stm32f10x_hd.o(.text)
    DMA2_Channel1_IRQHandler                 0x08001df3   Thumb Code     0  startup_stm32f10x_hd.o(.text)
    DMA2_Channel2_IRQHandler                 0x08001df3   Thumb Code     0  startup_stm32f10x_hd.o(.text)
    DMA2_Channel3_IRQHandler                 0x08001df3   Thumb Code     0  startup_stm32f10x_hd.o(.text)
    DMA2_Channel4_5_IRQHandler               0x08001df3   Thumb Code     0  startup_stm32f10x_hd.o(.text)
    EXTI0_IRQHandler                         0x08001df3   Thumb Code     0  startup_stm32f10x_hd.o(.text)
    EXTI15_10_IRQHandler                     0x08001df3   Thumb Code     0  startup_stm32f10x_hd.o(.text)
    EXTI1_IRQHandler                         0x08001df3   Thumb Code     0  startup_stm32f10x_hd.o(.text)
    EXTI2_IRQHandler                         0x08001df3   Thumb Code     0  startup_stm32f10x_hd.o(.text)
    EXTI3_IRQHandler                         0x08001df3   Thumb Code     0  startup_stm32f10x_hd.o(.text)
    EXTI4_IRQHandler                         0x08001df3   Thumb Code     0  startup_stm32f10x_hd.o(.text)
    EXTI9_5_IRQHandler                       0x08001df3   Thumb Code     0  startup_stm32f10x_hd.o(.text)
    FLASH_IRQHandler                         0x08001df3   Thumb Code     0  startup_stm32f10x_hd.o(.text)
    FSMC_IRQHandler                          0x08001df3   Thumb Code     0  startup_stm32f10x_hd.o(.text)
    I2C1_ER_IRQHandler                       0x08001df3   Thumb Code     0  startup_stm32f10x_hd.o(.text)
    I2C1_EV_IRQHandler                       0x08001df3   Thumb Code     0  startup_stm32f10x_hd.o(.text)
    I2C2_ER_IRQHandler                       0x08001df3   Thumb Code     0  startup_stm32f10x_hd.o(.text)
    I2C2_EV_IRQHandler                       0x08001df3   Thumb Code     0  startup_stm32f10x_hd.o(.text)
    PVD_IRQHandler                           0x08001df3   Thumb Code     0  startup_stm32f10x_hd.o(.text)
    RCC_IRQHandler                           0x08001df3   Thumb Code     0  startup_stm32f10x_hd.o(.text)
    RTCAlarm_IRQHandler                      0x08001df3   Thumb Code     0  startup_stm32f10x_hd.o(.text)
    RTC_IRQHandler                           0x08001df3   Thumb Code     0  startup_stm32f10x_hd.o(.text)
    SDIO_IRQHandler                          0x08001df3   Thumb Code     0  startup_stm32f10x_hd.o(.text)
    SPI1_IRQHandler                          0x08001df3   Thumb Code     0  startup_stm32f10x_hd.o(.text)
    SPI2_IRQHandler                          0x08001df3   Thumb Code     0  startup_stm32f10x_hd.o(.text)
    SPI3_IRQHandler                          0x08001df3   Thumb Code     0  startup_stm32f10x_hd.o(.text)
    TAMPER_IRQHandler                        0x08001df3   Thumb Code     0  startup_stm32f10x_hd.o(.text)
    TIM1_BRK_IRQHandler                      0x08001df3   Thumb Code     0  startup_stm32f10x_hd.o(.text)
    TIM1_CC_IRQHandler                       0x08001df3   Thumb Code     0  startup_stm32f10x_hd.o(.text)
    TIM1_TRG_COM_IRQHandler                  0x08001df3   Thumb Code     0  startup_stm32f10x_hd.o(.text)
    TIM1_UP_IRQHandler                       0x08001df3   Thumb Code     0  startup_stm32f10x_hd.o(.text)
    TIM2_IRQHandler                          0x08001df3   Thumb Code     0  startup_stm32f10x_hd.o(.text)
    TIM3_IRQHandler                          0x08001df3   Thumb Code     0  startup_stm32f10x_hd.o(.text)
    TIM4_IRQHandler                          0x08001df3   Thumb Code     0  startup_stm32f10x_hd.o(.text)
    TIM5_IRQHandler                          0x08001df3   Thumb Code     0  startup_stm32f10x_hd.o(.text)
    TIM6_IRQHandler                          0x08001df3   Thumb Code     0  startup_stm32f10x_hd.o(.text)
    TIM7_IRQHandler                          0x08001df3   Thumb Code     0  startup_stm32f10x_hd.o(.text)
    TIM8_BRK_IRQHandler                      0x08001df3   Thumb Code     0  startup_stm32f10x_hd.o(.text)
    TIM8_CC_IRQHandler                       0x08001df3   Thumb Code     0  startup_stm32f10x_hd.o(.text)
    TIM8_TRG_COM_IRQHandler                  0x08001df3   Thumb Code     0  startup_stm32f10x_hd.o(.text)
    TIM8_UP_IRQHandler                       0x08001df3   Thumb Code     0  startup_stm32f10x_hd.o(.text)
    UART4_IRQHandler                         0x08001df3   Thumb Code     0  startup_stm32f10x_hd.o(.text)
    UART5_IRQHandler                         0x08001df3   Thumb Code     0  startup_stm32f10x_hd.o(.text)
    USART1_IRQHandler                        0x08001df3   Thumb Code     0  startup_stm32f10x_hd.o(.text)
    USART3_IRQHandler                        0x08001df3   Thumb Code     0  startup_stm32f10x_hd.o(.text)
    USBWakeUp_IRQHandler                     0x08001df3   Thumb Code     0  startup_stm32f10x_hd.o(.text)
    USB_HP_CAN1_TX_IRQHandler                0x08001df3   Thumb Code     0  startup_stm32f10x_hd.o(.text)
    USB_LP_CAN1_RX0_IRQHandler               0x08001df3   Thumb Code     0  startup_stm32f10x_hd.o(.text)
    WWDG_IRQHandler                          0x08001df3   Thumb Code     0  startup_stm32f10x_hd.o(.text)
    __user_initial_stackheap                 0x08001df5   Thumb Code     0  startup_stm32f10x_hd.o(.text)
    NVIC_PriorityGroupConfig                 0x08001e19   Thumb Code    10  misc.o(.text)
    NVIC_Init                                0x08001e23   Thumb Code   100  misc.o(.text)
    NVIC_SetVectorTable                      0x08001e87   Thumb Code    14  misc.o(.text)
    NVIC_SystemLPConfig                      0x08001e95   Thumb Code    34  misc.o(.text)
    SysTick_CLKSourceConfig                  0x08001eb7   Thumb Code    40  misc.o(.text)
    GPIO_DeInit                              0x08001ef5   Thumb Code   172  stm32f10x_gpio.o(.text)
    GPIO_AFIODeInit                          0x08001fa1   Thumb Code    20  stm32f10x_gpio.o(.text)
    GPIO_Init                                0x08001fb5   Thumb Code   278  stm32f10x_gpio.o(.text)
    GPIO_StructInit                          0x080020cb   Thumb Code    16  stm32f10x_gpio.o(.text)
    GPIO_ReadInputDataBit                    0x080020db   Thumb Code    18  stm32f10x_gpio.o(.text)
    GPIO_ReadInputData                       0x080020ed   Thumb Code     8  stm32f10x_gpio.o(.text)
    GPIO_ReadOutputDataBit                   0x080020f5   Thumb Code    18  stm32f10x_gpio.o(.text)
    GPIO_ReadOutputData                      0x08002107   Thumb Code     8  stm32f10x_gpio.o(.text)
    GPIO_SetBits                             0x0800210f   Thumb Code     4  stm32f10x_gpio.o(.text)
    GPIO_ResetBits                           0x08002113   Thumb Code     4  stm32f10x_gpio.o(.text)
    GPIO_WriteBit                            0x08002117   Thumb Code    10  stm32f10x_gpio.o(.text)
    GPIO_Write                               0x08002121   Thumb Code     4  stm32f10x_gpio.o(.text)
    GPIO_PinLockConfig                       0x08002125   Thumb Code    18  stm32f10x_gpio.o(.text)
    GPIO_EventOutputConfig                   0x08002137   Thumb Code    26  stm32f10x_gpio.o(.text)
    GPIO_EventOutputCmd                      0x08002151   Thumb Code     6  stm32f10x_gpio.o(.text)
    GPIO_PinRemapConfig                      0x08002157   Thumb Code   138  stm32f10x_gpio.o(.text)
    GPIO_EXTILineConfig                      0x080021e1   Thumb Code    66  stm32f10x_gpio.o(.text)
    GPIO_ETH_MediaInterfaceConfig            0x08002223   Thumb Code     8  stm32f10x_gpio.o(.text)
    RCC_DeInit                               0x08002251   Thumb Code    64  stm32f10x_rcc.o(.text)
    RCC_HSEConfig                            0x08002291   Thumb Code    70  stm32f10x_rcc.o(.text)
    RCC_GetFlagStatus                        0x080022d7   Thumb Code    56  stm32f10x_rcc.o(.text)
    RCC_WaitForHSEStartUp                    0x0800230f   Thumb Code    56  stm32f10x_rcc.o(.text)
    RCC_AdjustHSICalibrationValue            0x08002347   Thumb Code    20  stm32f10x_rcc.o(.text)
    RCC_HSICmd                               0x0800235b   Thumb Code     6  stm32f10x_rcc.o(.text)
    RCC_PLLConfig                            0x08002361   Thumb Code    24  stm32f10x_rcc.o(.text)
    RCC_PLLCmd                               0x08002379   Thumb Code     6  stm32f10x_rcc.o(.text)
    RCC_SYSCLKConfig                         0x0800237f   Thumb Code    18  stm32f10x_rcc.o(.text)
    RCC_GetSYSCLKSource                      0x08002391   Thumb Code    10  stm32f10x_rcc.o(.text)
    RCC_HCLKConfig                           0x0800239b   Thumb Code    18  stm32f10x_rcc.o(.text)
    RCC_PCLK1Config                          0x080023ad   Thumb Code    18  stm32f10x_rcc.o(.text)
    RCC_PCLK2Config                          0x080023bf   Thumb Code    20  stm32f10x_rcc.o(.text)
    RCC_ITConfig                             0x080023d3   Thumb Code    26  stm32f10x_rcc.o(.text)
    RCC_USBCLKConfig                         0x080023ed   Thumb Code     8  stm32f10x_rcc.o(.text)
    RCC_ADCCLKConfig                         0x080023f5   Thumb Code    18  stm32f10x_rcc.o(.text)
    RCC_LSEConfig                            0x08002407   Thumb Code    50  stm32f10x_rcc.o(.text)
    RCC_LSICmd                               0x08002439   Thumb Code     6  stm32f10x_rcc.o(.text)
    RCC_RTCCLKConfig                         0x0800243f   Thumb Code    12  stm32f10x_rcc.o(.text)
    RCC_RTCCLKCmd                            0x0800244b   Thumb Code     8  stm32f10x_rcc.o(.text)
    RCC_GetClocksFreq                        0x08002453   Thumb Code   192  stm32f10x_rcc.o(.text)
    RCC_AHBPeriphClockCmd                    0x08002513   Thumb Code    26  stm32f10x_rcc.o(.text)
    RCC_APB2PeriphClockCmd                   0x0800252d   Thumb Code    26  stm32f10x_rcc.o(.text)
    RCC_APB1PeriphClockCmd                   0x08002547   Thumb Code    26  stm32f10x_rcc.o(.text)
    RCC_APB2PeriphResetCmd                   0x08002561   Thumb Code    26  stm32f10x_rcc.o(.text)
    RCC_APB1PeriphResetCmd                   0x0800257b   Thumb Code    26  stm32f10x_rcc.o(.text)
    RCC_BackupResetCmd                       0x08002595   Thumb Code     8  stm32f10x_rcc.o(.text)
    RCC_ClockSecuritySystemCmd               0x0800259d   Thumb Code     6  stm32f10x_rcc.o(.text)
    RCC_MCOConfig                            0x080025a3   Thumb Code     6  stm32f10x_rcc.o(.text)
    RCC_ClearFlag                            0x080025a9   Thumb Code    14  stm32f10x_rcc.o(.text)
    RCC_GetITStatus                          0x080025b7   Thumb Code    20  stm32f10x_rcc.o(.text)
    RCC_ClearITPendingBit                    0x080025cb   Thumb Code     6  stm32f10x_rcc.o(.text)
    TIM_DeInit                               0x080025f5   Thumb Code   424  stm32f10x_tim.o(.text)
    TIM_TimeBaseInit                         0x0800279d   Thumb Code   122  stm32f10x_tim.o(.text)
    TIM_OC1Init                              0x08002817   Thumb Code   132  stm32f10x_tim.o(.text)
    TIM_OC2Init                              0x0800289b   Thumb Code   154  stm32f10x_tim.o(.text)
    TIM_OC3Init                              0x08002935   Thumb Code   150  stm32f10x_tim.o(.text)
    TIM_OC4Init                              0x080029cb   Thumb Code   182  stm32f10x_tim.o(.text)
    TIM_SetIC4Prescaler                      0x08002a81   Thumb Code    26  stm32f10x_tim.o(.text)
    TIM_SetIC3Prescaler                      0x08002b1d   Thumb Code    18  stm32f10x_tim.o(.text)
    TIM_SetIC2Prescaler                      0x08002ba9   Thumb Code    26  stm32f10x_tim.o(.text)
    TIM_SetIC1Prescaler                      0x08002c45   Thumb Code    18  stm32f10x_tim.o(.text)
    TIM_ICInit                               0x08002cc3   Thumb Code   150  stm32f10x_tim.o(.text)
    TIM_PWMIConfig                           0x08002d59   Thumb Code   124  stm32f10x_tim.o(.text)
    TIM_BDTRConfig                           0x08002dd5   Thumb Code    32  stm32f10x_tim.o(.text)
    TIM_TimeBaseStructInit                   0x08002df5   Thumb Code    18  stm32f10x_tim.o(.text)
    TIM_OCStructInit                         0x08002e07   Thumb Code    20  stm32f10x_tim.o(.text)
    TIM_ICStructInit                         0x08002e1b   Thumb Code    18  stm32f10x_tim.o(.text)
    TIM_BDTRStructInit                       0x08002e2d   Thumb Code    40  stm32f10x_tim.o(.text)
    TIM_Cmd                                  0x08002e55   Thumb Code    24  stm32f10x_tim.o(.text)
    TIM_CtrlPWMOutputs                       0x08002e6d   Thumb Code    30  stm32f10x_tim.o(.text)
    TIM_ITConfig                             0x08002e8b   Thumb Code    18  stm32f10x_tim.o(.text)
    TIM_GenerateEvent                        0x08002e9d   Thumb Code     4  stm32f10x_tim.o(.text)
    TIM_DMAConfig                            0x08002ea1   Thumb Code    10  stm32f10x_tim.o(.text)
    TIM_DMACmd                               0x08002eab   Thumb Code    18  stm32f10x_tim.o(.text)
    TIM_InternalClockConfig                  0x08002ebd   Thumb Code    12  stm32f10x_tim.o(.text)
    TIM_SelectInputTrigger                   0x08002ec9   Thumb Code    18  stm32f10x_tim.o(.text)
    TIM_ITRxExternalClockConfig              0x08002edb   Thumb Code    24  stm32f10x_tim.o(.text)
    TIM_TIxExternalClockConfig               0x08002ef3   Thumb Code    62  stm32f10x_tim.o(.text)
    TIM_ETRConfig                            0x08002f31   Thumb Code    28  stm32f10x_tim.o(.text)
    TIM_ETRClockMode1Config                  0x08002f4d   Thumb Code    54  stm32f10x_tim.o(.text)
    TIM_ETRClockMode2Config                  0x08002f83   Thumb Code    32  stm32f10x_tim.o(.text)
    TIM_PrescalerConfig                      0x08002fa3   Thumb Code     6  stm32f10x_tim.o(.text)
    TIM_CounterModeConfig                    0x08002fa9   Thumb Code    18  stm32f10x_tim.o(.text)
    TIM_EncoderInterfaceConfig               0x08002fbb   Thumb Code    66  stm32f10x_tim.o(.text)
    TIM_ForcedOC1Config                      0x08002ffd   Thumb Code    18  stm32f10x_tim.o(.text)
    TIM_ForcedOC2Config                      0x0800300f   Thumb Code    26  stm32f10x_tim.o(.text)
    TIM_ForcedOC3Config                      0x08003029   Thumb Code    18  stm32f10x_tim.o(.text)
    TIM_ForcedOC4Config                      0x0800303b   Thumb Code    26  stm32f10x_tim.o(.text)
    TIM_ARRPreloadConfig                     0x08003055   Thumb Code    24  stm32f10x_tim.o(.text)
    TIM_SelectCOM                            0x0800306d   Thumb Code    24  stm32f10x_tim.o(.text)
    TIM_SelectCCDMA                          0x08003085   Thumb Code    24  stm32f10x_tim.o(.text)
    TIM_CCPreloadControl                     0x0800309d   Thumb Code    24  stm32f10x_tim.o(.text)
    TIM_OC1PreloadConfig                     0x080030b5   Thumb Code    18  stm32f10x_tim.o(.text)
    TIM_OC2PreloadConfig                     0x080030c7   Thumb Code    26  stm32f10x_tim.o(.text)
    TIM_OC3PreloadConfig                     0x080030e1   Thumb Code    18  stm32f10x_tim.o(.text)
    TIM_OC4PreloadConfig                     0x080030f3   Thumb Code    26  stm32f10x_tim.o(.text)
    TIM_OC1FastConfig                        0x0800310d   Thumb Code    18  stm32f10x_tim.o(.text)
    TIM_OC2FastConfig                        0x0800311f   Thumb Code    26  stm32f10x_tim.o(.text)
    TIM_OC3FastConfig                        0x08003139   Thumb Code    18  stm32f10x_tim.o(.text)
    TIM_OC4FastConfig                        0x0800314b   Thumb Code    26  stm32f10x_tim.o(.text)
    TIM_ClearOC1Ref                          0x08003165   Thumb Code    18  stm32f10x_tim.o(.text)
    TIM_ClearOC2Ref                          0x08003177   Thumb Code    24  stm32f10x_tim.o(.text)
    TIM_ClearOC3Ref                          0x0800318f   Thumb Code    18  stm32f10x_tim.o(.text)
    TIM_ClearOC4Ref                          0x080031a1   Thumb Code    24  stm32f10x_tim.o(.text)
    TIM_OC1PolarityConfig                    0x080031b9   Thumb Code    18  stm32f10x_tim.o(.text)
    TIM_OC1NPolarityConfig                   0x080031cb   Thumb Code    18  stm32f10x_tim.o(.text)
    TIM_OC2PolarityConfig                    0x080031dd   Thumb Code    26  stm32f10x_tim.o(.text)
    TIM_OC2NPolarityConfig                   0x080031f7   Thumb Code    26  stm32f10x_tim.o(.text)
    TIM_OC3PolarityConfig                    0x08003211   Thumb Code    26  stm32f10x_tim.o(.text)
    TIM_OC3NPolarityConfig                   0x0800322b   Thumb Code    26  stm32f10x_tim.o(.text)
    TIM_OC4PolarityConfig                    0x08003245   Thumb Code    26  stm32f10x_tim.o(.text)
    TIM_CCxCmd                               0x0800325f   Thumb Code    30  stm32f10x_tim.o(.text)
    TIM_CCxNCmd                              0x0800327d   Thumb Code    30  stm32f10x_tim.o(.text)
    TIM_SelectOCxM                           0x0800329b   Thumb Code    82  stm32f10x_tim.o(.text)
    TIM_UpdateDisableConfig                  0x080032ed   Thumb Code    24  stm32f10x_tim.o(.text)
    TIM_UpdateRequestConfig                  0x08003305   Thumb Code    24  stm32f10x_tim.o(.text)
    TIM_SelectHallSensor                     0x0800331d   Thumb Code    24  stm32f10x_tim.o(.text)
    TIM_SelectOnePulseMode                   0x08003335   Thumb Code    18  stm32f10x_tim.o(.text)
    TIM_SelectOutputTrigger                  0x08003347   Thumb Code    18  stm32f10x_tim.o(.text)
    TIM_SelectSlaveMode                      0x08003359   Thumb Code    18  stm32f10x_tim.o(.text)
    TIM_SelectMasterSlaveMode                0x0800336b   Thumb Code    18  stm32f10x_tim.o(.text)
    TIM_SetCounter                           0x0800337d   Thumb Code     4  stm32f10x_tim.o(.text)
    TIM_SetAutoreload                        0x08003381   Thumb Code     4  stm32f10x_tim.o(.text)
    TIM_SetCompare1                          0x08003385   Thumb Code     4  stm32f10x_tim.o(.text)
    TIM_SetCompare2                          0x08003389   Thumb Code     4  stm32f10x_tim.o(.text)
    TIM_SetCompare3                          0x0800338d   Thumb Code     4  stm32f10x_tim.o(.text)
    TIM_SetCompare4                          0x08003391   Thumb Code     6  stm32f10x_tim.o(.text)
    TIM_SetClockDivision                     0x08003397   Thumb Code    18  stm32f10x_tim.o(.text)
    TIM_GetCapture1                          0x080033a9   Thumb Code     6  stm32f10x_tim.o(.text)
    TIM_GetCapture2                          0x080033af   Thumb Code     6  stm32f10x_tim.o(.text)
    TIM_GetCapture3                          0x080033b5   Thumb Code     6  stm32f10x_tim.o(.text)
    TIM_GetCapture4                          0x080033bb   Thumb Code     8  stm32f10x_tim.o(.text)
    TIM_GetCounter                           0x080033c3   Thumb Code     6  stm32f10x_tim.o(.text)
    TIM_GetPrescaler                         0x080033c9   Thumb Code     6  stm32f10x_tim.o(.text)
    TIM_GetFlagStatus                        0x080033cf   Thumb Code    18  stm32f10x_tim.o(.text)
    TIM_ClearFlag                            0x080033e1   Thumb Code     6  stm32f10x_tim.o(.text)
    TIM_GetITStatus                          0x080033e7   Thumb Code    34  stm32f10x_tim.o(.text)
    TIM_ClearITPendingBit                    0x08003409   Thumb Code     6  stm32f10x_tim.o(.text)
    USART_DeInit                             0x08003411   Thumb Code   134  stm32f10x_usart.o(.text)
    USART_Init                               0x08003497   Thumb Code   210  stm32f10x_usart.o(.text)
    USART_StructInit                         0x08003569   Thumb Code    24  stm32f10x_usart.o(.text)
    USART_ClockInit                          0x08003581   Thumb Code    34  stm32f10x_usart.o(.text)
    USART_ClockStructInit                    0x080035a3   Thumb Code    12  stm32f10x_usart.o(.text)
    USART_Cmd                                0x080035af   Thumb Code    24  stm32f10x_usart.o(.text)
    USART_ITConfig                           0x080035c7   Thumb Code    74  stm32f10x_usart.o(.text)
    USART_DMACmd                             0x08003611   Thumb Code    18  stm32f10x_usart.o(.text)
    USART_SetAddress                         0x08003623   Thumb Code    18  stm32f10x_usart.o(.text)
    USART_WakeUpConfig                       0x08003635   Thumb Code    18  stm32f10x_usart.o(.text)
    USART_ReceiverWakeUpCmd                  0x08003647   Thumb Code    24  stm32f10x_usart.o(.text)
    USART_LINBreakDetectLengthConfig         0x0800365f   Thumb Code    18  stm32f10x_usart.o(.text)
    USART_LINCmd                             0x08003671   Thumb Code    24  stm32f10x_usart.o(.text)
    USART_SendData                           0x08003689   Thumb Code     8  stm32f10x_usart.o(.text)
    USART_ReceiveData                        0x08003691   Thumb Code    10  stm32f10x_usart.o(.text)
    USART_SendBreak                          0x0800369b   Thumb Code    10  stm32f10x_usart.o(.text)
    USART_SetGuardTime                       0x080036a5   Thumb Code    16  stm32f10x_usart.o(.text)
    USART_SetPrescaler                       0x080036b5   Thumb Code    16  stm32f10x_usart.o(.text)
    USART_SmartCardCmd                       0x080036c5   Thumb Code    24  stm32f10x_usart.o(.text)
    USART_SmartCardNACKCmd                   0x080036dd   Thumb Code    24  stm32f10x_usart.o(.text)
    USART_HalfDuplexCmd                      0x080036f5   Thumb Code    24  stm32f10x_usart.o(.text)
    USART_OverSampling8Cmd                   0x0800370d   Thumb Code    22  stm32f10x_usart.o(.text)
    USART_OneBitMethodCmd                    0x08003723   Thumb Code    24  stm32f10x_usart.o(.text)
    USART_IrDAConfig                         0x0800373b   Thumb Code    18  stm32f10x_usart.o(.text)
    USART_IrDACmd                            0x0800374d   Thumb Code    24  stm32f10x_usart.o(.text)
    USART_GetFlagStatus                      0x08003765   Thumb Code    26  stm32f10x_usart.o(.text)
    USART_ClearFlag                          0x0800377f   Thumb Code    18  stm32f10x_usart.o(.text)
    USART_GetITStatus                        0x08003791   Thumb Code    84  stm32f10x_usart.o(.text)
    USART_ClearITPendingBit                  0x080037e5   Thumb Code    52  stm32f10x_usart.o(.text)
    __aeabi_uldivmod                         0x08003819   Thumb Code     0  lludivv7m.o(.text)
    _ll_udiv                                 0x08003819   Thumb Code   238  lludivv7m.o(.text)
    vsprintf                                 0x08003909   Thumb Code    32  vsprintf.o(.text)
    __use_two_region_memory                  0x0800392d   Thumb Code     2  heapauxi.o(.text)
    __rt_heap_escrow$2region                 0x0800392f   Thumb Code     2  heapauxi.o(.text)
    __rt_heap_expand$2region                 0x08003931   Thumb Code     2  heapauxi.o(.text)
    _printf_pre_padding                      0x08003933   Thumb Code    44  _printf_pad.o(.text)
    _printf_post_padding                     0x0800395f   Thumb Code    34  _printf_pad.o(.text)
    _printf_truncate_signed                  0x08003981   Thumb Code    18  _printf_truncate.o(.text)
    _printf_truncate_unsigned                0x08003993   Thumb Code    18  _printf_truncate.o(.text)
    _printf_str                              0x080039a5   Thumb Code    82  _printf_str.o(.text)
    _printf_int_dec                          0x080039f9   Thumb Code   104  _printf_dec.o(.text)
    _printf_charcount                        0x08003a71   Thumb Code    40  _printf_charcount.o(.text)
    _printf_char_common                      0x08003aa3   Thumb Code    32  _printf_char_common.o(.text)
    _sputc                                   0x08003ac9   Thumb Code    10  _sputc.o(.text)
    _printf_wctomb                           0x08003ad5   Thumb Code   182  _printf_wctomb.o(.text)
    _printf_longlong_dec                     0x08003b91   Thumb Code   108  _printf_longlong_dec.o(.text)
    _printf_longlong_oct                     0x08003c0d   Thumb Code    68  _printf_oct_int_ll.o(.text)
    _printf_int_oct                          0x08003c51   Thumb Code    24  _printf_oct_int_ll.o(.text)
    _printf_ll_oct                           0x08003c69   Thumb Code    12  _printf_oct_int_ll.o(.text)
    _printf_longlong_hex                     0x08003c7d   Thumb Code    86  _printf_hex_int_ll_ptr.o(.text)
    _printf_int_hex                          0x08003cd3   Thumb Code    28  _printf_hex_int_ll_ptr.o(.text)
    _printf_ll_hex                           0x08003cef   Thumb Code    12  _printf_hex_int_ll_ptr.o(.text)
    _printf_hex_ptr                          0x08003cfb   Thumb Code    18  _printf_hex_int_ll_ptr.o(.text)
    __printf                                 0x08003d11   Thumb Code   388  __printf_flags_ss_wp.o(.text)
    _ll_udiv10                               0x08003e99   Thumb Code   138  lludiv10.o(.text)
    _printf_int_common                       0x08003f23   Thumb Code   178  _printf_intcommon.o(.text)
    __lib_sel_fp_printf                      0x08003fd5   Thumb Code     2  _printf_fp_dec.o(.text)
    _printf_fp_dec_real                      0x08004183   Thumb Code   620  _printf_fp_dec.o(.text)
    _printf_fp_hex_real                      0x080043f1   Thumb Code   754  _printf_fp_hex.o(.text)
    _printf_cs_common                        0x080046ed   Thumb Code    20  _printf_char.o(.text)
    _printf_char                             0x08004701   Thumb Code    16  _printf_char.o(.text)
    _printf_string                           0x08004711   Thumb Code     8  _printf_char.o(.text)
    _printf_lcs_common                       0x08004719   Thumb Code    20  _printf_wchar.o(.text)
    _printf_wchar                            0x0800472d   Thumb Code    16  _printf_wchar.o(.text)
    _printf_wstring                          0x0800473d   Thumb Code     8  _printf_wchar.o(.text)
    _wcrtomb                                 0x08004745   Thumb Code    64  _wcrtomb.o(.text)
    __user_setup_stackheap                   0x08004785   Thumb Code    74  sys_stackheap_outer.o(.text)
    __rt_ctype_table                         0x080047d1   Thumb Code    16  rt_ctype_table.o(.text)
    __rt_locale                              0x080047e1   Thumb Code     8  rt_locale_intlibspace.o(.text)
    _printf_fp_infnan                        0x080047e9   Thumb Code   112  _printf_fp_infnan.o(.text)
    _btod_etento                             0x08004869   Thumb Code   216  bigflt0.o(.text)
    exit                                     0x08004945   Thumb Code    18  exit.o(.text)
    __user_libspace                          0x08004959   Thumb Code     8  libspace.o(.text)
    __user_perproc_libspace                  0x08004959   Thumb Code     0  libspace.o(.text)
    __user_perthread_libspace                0x08004959   Thumb Code     0  libspace.o(.text)
    strcmp                                   0x08004961   Thumb Code   128  strcmpv7m.o(.text)
    _sys_exit                                0x080049e1   Thumb Code     8  sys_exit.o(.text)
    __I$use$semihosting                      0x080049ed   Thumb Code     0  use_no_semi.o(.text)
    __use_no_semihosting_swi                 0x080049ed   Thumb Code     2  use_no_semi.o(.text)
    __semihosting_library_function           0x080049ef   Thumb Code     0  indicate_semi.o(.text)
    _btod_d2e                                0x080049ef   Thumb Code    62  btod.o(CL$$btod_d2e)
    _d2e_denorm_low                          0x08004a2d   Thumb Code    70  btod.o(CL$$btod_d2e_denorm_low)
    _d2e_norm_op1                            0x08004a73   Thumb Code    96  btod.o(CL$$btod_d2e_norm_op1)
    __btod_div_common                        0x08004ad3   Thumb Code   696  btod.o(CL$$btod_div_common)
    _e2e                                     0x08004e0b   Thumb Code   198  btod.o(CL$$btod_e2e)
    _btod_ediv                               0x08004ed1   Thumb Code    40  btod.o(CL$$btod_ediv)
    _btod_emul                               0x08004ef9   Thumb Code    40  btod.o(CL$$btod_emul)
    __btod_mult_common                       0x08004f21   Thumb Code   580  btod.o(CL$$btod_mult_common)
    __ARM_fpclassify                         0x08005165   Thumb Code    40  fpclassify.o(i.__ARM_fpclassify)
    _is_digit                                0x0800518d   Thumb Code    14  __printf_wp.o(i._is_digit)
    _get_lc_numeric                          0x0800519d   Thumb Code    44  lc_numeric_c.o(locale$$code)
    _get_lc_ctype                            0x080051c9   Thumb Code    44  lc_ctype_c.o(locale$$code)
    __aeabi_dadd                             0x080051f5   Thumb Code     0  daddsub_clz.o(x$fpl$dadd)
    _dadd                                    0x080051f5   Thumb Code   332  daddsub_clz.o(x$fpl$dadd)
    __aeabi_ddiv                             0x08005345   Thumb Code     0  ddiv.o(x$fpl$ddiv)
    _ddiv                                    0x08005345   Thumb Code   552  ddiv.o(x$fpl$ddiv)
    __aeabi_d2uiz                            0x080055f5   Thumb Code     0  dfixu.o(x$fpl$dfixu)
    _dfixu                                   0x080055f5   Thumb Code    90  dfixu.o(x$fpl$dfixu)
    __aeabi_ui2d                             0x0800564f   Thumb Code     0  dflt_clz.o(x$fpl$dfltu)
    _dfltu                                   0x0800564f   Thumb Code    38  dflt_clz.o(x$fpl$dfltu)
    __aeabi_ul2d                             0x08005675   Thumb Code     0  dfltll_clz.o(x$fpl$dfltull)
    _ll_uto_d                                0x08005675   Thumb Code   138  dfltll_clz.o(x$fpl$dfltull)
    __aeabi_dmul                             0x08005701   Thumb Code     0  dmul.o(x$fpl$dmul)
    _dmul                                    0x08005701   Thumb Code   332  dmul.o(x$fpl$dmul)
    __fpl_dnaninf                            0x08005855   Thumb Code   156  dnaninf.o(x$fpl$dnaninf)
    __fpl_dretinf                            0x080058f1   Thumb Code    12  dretinf.o(x$fpl$dretinf)
    __aeabi_drsub                            0x080058fd   Thumb Code     0  daddsub_clz.o(x$fpl$drsb)
    _drsb                                    0x080058fd   Thumb Code    22  daddsub_clz.o(x$fpl$drsb)
    __aeabi_dsub                             0x08005915   Thumb Code     0  daddsub_clz.o(x$fpl$dsub)
    _dsub                                    0x08005915   Thumb Code   464  daddsub_clz.o(x$fpl$dsub)
    __aeabi_f2d                              0x08005ae9   Thumb Code     0  f2d.o(x$fpl$f2d)
    _f2d                                     0x08005ae9   Thumb Code    86  f2d.o(x$fpl$f2d)
    __aeabi_fadd                             0x08005b41   Thumb Code     0  faddsub_clz.o(x$fpl$fadd)
    _fadd                                    0x08005b41   Thumb Code   196  faddsub_clz.o(x$fpl$fadd)
    __fpl_fcmp_Inf                           0x08005c05   Thumb Code    24  fcmpi.o(x$fpl$fcmpinf)
    __aeabi_fdiv                             0x08005c1d   Thumb Code     0  fdiv.o(x$fpl$fdiv)
    _fdiv                                    0x08005c1d   Thumb Code   384  fdiv.o(x$fpl$fdiv)
    __aeabi_f2uiz                            0x08005da1   Thumb Code     0  ffixu.o(x$fpl$ffixu)
    _ffixu                                   0x08005da1   Thumb Code    62  ffixu.o(x$fpl$ffixu)
    __aeabi_ul2f                             0x08005ddf   Thumb Code     0  ffltll_clz.o(x$fpl$ffltll)
    _ll_uto_f                                0x08005ddf   Thumb Code     6  ffltll_clz.o(x$fpl$ffltll)
    __aeabi_l2f                              0x08005de5   Thumb Code     0  ffltll_clz.o(x$fpl$ffltll)
    _ll_sto_f                                0x08005de5   Thumb Code    90  ffltll_clz.o(x$fpl$ffltll)
    __aeabi_cfcmple                          0x08005e41   Thumb Code     0  fleqf.o(x$fpl$fleqf)
    _fcmple                                  0x08005e41   Thumb Code   104  fleqf.o(x$fpl$fleqf)
    __fpl_fcmple_InfNaN                      0x08005e93   Thumb Code     0  fleqf.o(x$fpl$fleqf)
    __aeabi_fmul                             0x08005ea9   Thumb Code     0  fmul.o(x$fpl$fmul)
    _fmul                                    0x08005ea9   Thumb Code   258  fmul.o(x$fpl$fmul)
    __fpl_fnaninf                            0x08005fab   Thumb Code   140  fnaninf.o(x$fpl$fnaninf)
    __fpl_fretinf                            0x08006037   Thumb Code    10  fretinf.o(x$fpl$fretinf)
    __aeabi_cfrcmple                         0x08006041   Thumb Code     0  frleqf.o(x$fpl$frleqf)
    _frcmple                                 0x08006041   Thumb Code    98  frleqf.o(x$fpl$frleqf)
    __aeabi_fsub                             0x080060a5   Thumb Code     0  faddsub_clz.o(x$fpl$fsub)
    _fsub                                    0x080060a5   Thumb Code   234  faddsub_clz.o(x$fpl$fsub)
    _printf_fp_dec                           0x0800618f   Thumb Code     4  printf1.o(x$fpl$printf1)
    _printf_fp_hex                           0x08006193   Thumb Code     4  printf2.o(x$fpl$printf2)
    __I$use$fp                               0x08006196   Number         0  usenofp.o(x$fpl$usenofp)
    Region$$Table$$Base                      0x08006294   Number         0  anon$$obj.o(Region$$Table)
    Region$$Table$$Limit                     0x080062b4   Number         0  anon$$obj.o(Region$$Table)
    __ctype                                  0x080062dd   Data           0  lc_ctype_c.o(locale$$data)
    key                                      0x20000000   Data           1  main.o(.data)
    hand_OC                                  0x20000001   Data           1  main.o(.data)
    Left_Move                                0x20000002   Data           1  main.o(.data)
    Right_Move                               0x20000003   Data           1  main.o(.data)
    Water_Control                            0x20000004   Data           1  main.o(.data)
    workstate                                0x20000008   Data           4  main.o(.data)
    test                                     0x2000000c   Data           4  main.o(.data)
    SystemCoreClock                          0x20000010   Data           4  system_stm32f10x.o(.data)
    AHBPrescTable                            0x20000014   Data          16  system_stm32f10x.o(.data)
    OFF_                                     0x20000028   Data           8  ms5837.o(.data)
    Aux                                      0x20000030   Data           4  ms5837.o(.data)
    dT                                       0x20000038   Data           8  ms5837.o(.data)
    TEMP1                                    0x20000040   Data           8  ms5837.o(.data)
    SENS                                     0x20000048   Data           8  ms5837.o(.data)
    D1_Pres                                  0x20000050   Data           4  ms5837.o(.data)
    D2_TEMP1                                 0x20000054   Data           4  ms5837.o(.data)
    TEMP12                                   0x20000058   Data           4  ms5837.o(.data)
    T2                                       0x2000005c   Data           4  ms5837.o(.data)
    OFF2                                     0x20000060   Data           4  ms5837.o(.data)
    SENS2                                    0x20000064   Data           4  ms5837.o(.data)
    Pressure                                 0x20000068   Data           4  ms5837.o(.data)
    Atmdsphere_Pressure                      0x2000006c   Data           4  ms5837.o(.data)
    Depth                                    0x20000070   Data           4  ms5837.o(.data)
    TEMP1erature                             0x20000074   Data           4  ms5837.o(.data)
    last_Depth                               0x20000078   Data           4  ms5837.o(.data)
    change_Depth                             0x2000007c   Data           4  ms5837.o(.data)
    TEMP1ERATURE                             0x20000080   Data           8  ms5837.o(.data)
    PRESSURE                                 0x20000088   Data           8  ms5837.o(.data)
    DEPTH                                    0x20000090   Data           8  ms5837.o(.data)
    test_look                                0x200000a0   Data           4  a4988.o(.data)
    test_look1                               0x200000a4   Data           4  a4988.o(.data)
    Serial_RxData                            0x200000a8   Data           1  usart.o(.data)
    Serial_RxFlag                            0x200000a9   Data           1  usart.o(.data)
    data_index                               0x200000ac   Data           4  usart.o(.data)
    is_receiving                             0x200000b0   Data           1  usart.o(.data)
    over_receiving                           0x200000b1   Data           1  usart.o(.data)
    temp_data                                0x200000b2   Data           7  usart.o(.data)
    Remote_control_data                      0x200000b9   Data           7  usart.o(.data)
    last_received_data                       0x200000c0   Data           7  usart.o(.data)
    Cal_C                                    0x200000dc   Data          28  ms5837.o(.bss)
    MS5837_date_buffer                       0x200000f8   Data          28  ms5837.o(.bss)
    MS5837_last_date_buffer                  0x20000114   Data          28  ms5837.o(.bss)
    uart_rx_buffer                           0x20000130   Data         256  usart.o(.bss)
    __libspace_start                         0x20000230   Data          96  libspace.o(.bss)
    __temporary_stack_top$libspace           0x20000290   Data           0  libspace.o(.bss)



==============================================================================

Memory Map of the image

  Image Entry point : 0x08000131

  Load Region LR_IROM1 (Base: 0x08000000, Size: 0x000064bc, Max: 0x00010000, ABSOLUTE)

    Execution Region ER_IROM1 (Exec base: 0x08000000, Load base: 0x08000000, Size: 0x000063e0, Max: 0x00010000, ABSOLUTE)

    Exec Addr    Load Addr    Size         Type   Attr      Idx    E Section Name        Object

    0x08000000   0x08000000   0x00000130   Data   RO          476    RESET               startup_stm32f10x_hd.o
    0x08000130   0x08000130   0x00000008   Code   RO          575  * !!!main             c_w.l(__main.o)
    0x08000138   0x08000138   0x00000034   Code   RO          966    !!!scatter          c_w.l(__scatter.o)
    0x0800016c   0x0800016c   0x0000001a   Code   RO          968    !!handler_copy      c_w.l(__scatter_copy.o)
    0x08000186   0x08000186   0x00000002   PAD
    0x08000188   0x08000188   0x0000001c   Code   RO          970    !!handler_zi        c_w.l(__scatter_zi.o)
    0x080001a4   0x080001a4   0x00000000   Code   RO          713    .ARM.Collect$$_printf_percent$$00000000  c_w.l(_printf_percent.o)
    0x080001a4   0x080001a4   0x00000006   Code   RO          702    .ARM.Collect$$_printf_percent$$00000001  c_w.l(_printf_n.o)
    0x080001aa   0x080001aa   0x00000006   Code   RO          704    .ARM.Collect$$_printf_percent$$00000002  c_w.l(_printf_p.o)
    0x080001b0   0x080001b0   0x00000006   Code   RO          709    .ARM.Collect$$_printf_percent$$00000003  c_w.l(_printf_f.o)
    0x080001b6   0x080001b6   0x00000006   Code   RO          710    .ARM.Collect$$_printf_percent$$00000004  c_w.l(_printf_e.o)
    0x080001bc   0x080001bc   0x00000006   Code   RO          711    .ARM.Collect$$_printf_percent$$00000005  c_w.l(_printf_g.o)
    0x080001c2   0x080001c2   0x00000006   Code   RO          712    .ARM.Collect$$_printf_percent$$00000006  c_w.l(_printf_a.o)
    0x080001c8   0x080001c8   0x0000000a   Code   RO          717    .ARM.Collect$$_printf_percent$$00000007  c_w.l(_printf_ll.o)
    0x080001d2   0x080001d2   0x00000006   Code   RO          706    .ARM.Collect$$_printf_percent$$00000008  c_w.l(_printf_i.o)
    0x080001d8   0x080001d8   0x00000006   Code   RO          707    .ARM.Collect$$_printf_percent$$00000009  c_w.l(_printf_d.o)
    0x080001de   0x080001de   0x00000006   Code   RO          708    .ARM.Collect$$_printf_percent$$0000000A  c_w.l(_printf_u.o)
    0x080001e4   0x080001e4   0x00000006   Code   RO          705    .ARM.Collect$$_printf_percent$$0000000B  c_w.l(_printf_o.o)
    0x080001ea   0x080001ea   0x00000006   Code   RO          703    .ARM.Collect$$_printf_percent$$0000000C  c_w.l(_printf_x.o)
    0x080001f0   0x080001f0   0x00000006   Code   RO          714    .ARM.Collect$$_printf_percent$$0000000D  c_w.l(_printf_lli.o)
    0x080001f6   0x080001f6   0x00000006   Code   RO          715    .ARM.Collect$$_printf_percent$$0000000E  c_w.l(_printf_lld.o)
    0x080001fc   0x080001fc   0x00000006   Code   RO          716    .ARM.Collect$$_printf_percent$$0000000F  c_w.l(_printf_llu.o)
    0x08000202   0x08000202   0x00000006   Code   RO          721    .ARM.Collect$$_printf_percent$$00000010  c_w.l(_printf_llo.o)
    0x08000208   0x08000208   0x00000006   Code   RO          722    .ARM.Collect$$_printf_percent$$00000011  c_w.l(_printf_llx.o)
    0x0800020e   0x0800020e   0x0000000a   Code   RO          718    .ARM.Collect$$_printf_percent$$00000012  c_w.l(_printf_l.o)
    0x08000218   0x08000218   0x00000006   Code   RO          700    .ARM.Collect$$_printf_percent$$00000013  c_w.l(_printf_c.o)
    0x0800021e   0x0800021e   0x00000006   Code   RO          701    .ARM.Collect$$_printf_percent$$00000014  c_w.l(_printf_s.o)
    0x08000224   0x08000224   0x00000006   Code   RO          719    .ARM.Collect$$_printf_percent$$00000015  c_w.l(_printf_lc.o)
    0x0800022a   0x0800022a   0x00000006   Code   RO          720    .ARM.Collect$$_printf_percent$$00000016  c_w.l(_printf_ls.o)
    0x08000230   0x08000230   0x00000004   Code   RO          774    .ARM.Collect$$_printf_percent$$00000017  c_w.l(_printf_percent_end.o)
    0x08000234   0x08000234   0x00000002   Code   RO          827    .ARM.Collect$$libinit$$00000000  c_w.l(libinit.o)
    0x08000236   0x08000236   0x00000000   Code   RO          849    .ARM.Collect$$libinit$$00000002  c_w.l(libinit2.o)
    0x08000236   0x08000236   0x00000000   Code   RO          851    .ARM.Collect$$libinit$$00000004  c_w.l(libinit2.o)
    0x08000236   0x08000236   0x00000000   Code   RO          854    .ARM.Collect$$libinit$$0000000A  c_w.l(libinit2.o)
    0x08000236   0x08000236   0x00000000   Code   RO          856    .ARM.Collect$$libinit$$0000000C  c_w.l(libinit2.o)
    0x08000236   0x08000236   0x00000000   Code   RO          858    .ARM.Collect$$libinit$$0000000E  c_w.l(libinit2.o)
    0x08000236   0x08000236   0x00000006   Code   RO          859    .ARM.Collect$$libinit$$0000000F  c_w.l(libinit2.o)
    0x0800023c   0x0800023c   0x00000000   Code   RO          861    .ARM.Collect$$libinit$$00000011  c_w.l(libinit2.o)
    0x0800023c   0x0800023c   0x0000000c   Code   RO          862    .ARM.Collect$$libinit$$00000012  c_w.l(libinit2.o)
    0x08000248   0x08000248   0x00000000   Code   RO          863    .ARM.Collect$$libinit$$00000013  c_w.l(libinit2.o)
    0x08000248   0x08000248   0x00000000   Code   RO          865    .ARM.Collect$$libinit$$00000015  c_w.l(libinit2.o)
    0x08000248   0x08000248   0x0000000a   Code   RO          866    .ARM.Collect$$libinit$$00000016  c_w.l(libinit2.o)
    0x08000252   0x08000252   0x00000000   Code   RO          867    .ARM.Collect$$libinit$$00000017  c_w.l(libinit2.o)
    0x08000252   0x08000252   0x00000000   Code   RO          869    .ARM.Collect$$libinit$$00000019  c_w.l(libinit2.o)
    0x08000252   0x08000252   0x00000000   Code   RO          871    .ARM.Collect$$libinit$$0000001B  c_w.l(libinit2.o)
    0x08000252   0x08000252   0x00000000   Code   RO          873    .ARM.Collect$$libinit$$0000001D  c_w.l(libinit2.o)
    0x08000252   0x08000252   0x00000000   Code   RO          875    .ARM.Collect$$libinit$$0000001F  c_w.l(libinit2.o)
    0x08000252   0x08000252   0x00000000   Code   RO          877    .ARM.Collect$$libinit$$00000021  c_w.l(libinit2.o)
    0x08000252   0x08000252   0x00000000   Code   RO          879    .ARM.Collect$$libinit$$00000023  c_w.l(libinit2.o)
    0x08000252   0x08000252   0x00000000   Code   RO          881    .ARM.Collect$$libinit$$00000025  c_w.l(libinit2.o)
    0x08000252   0x08000252   0x00000000   Code   RO          885    .ARM.Collect$$libinit$$0000002C  c_w.l(libinit2.o)
    0x08000252   0x08000252   0x00000000   Code   RO          887    .ARM.Collect$$libinit$$0000002E  c_w.l(libinit2.o)
    0x08000252   0x08000252   0x00000000   Code   RO          889    .ARM.Collect$$libinit$$00000030  c_w.l(libinit2.o)
    0x08000252   0x08000252   0x00000000   Code   RO          891    .ARM.Collect$$libinit$$00000032  c_w.l(libinit2.o)
    0x08000252   0x08000252   0x00000002   Code   RO          892    .ARM.Collect$$libinit$$00000033  c_w.l(libinit2.o)
    0x08000254   0x08000254   0x00000002   Code   RO          923    .ARM.Collect$$libshutdown$$00000000  c_w.l(libshutdown.o)
    0x08000256   0x08000256   0x00000000   Code   RO          949    .ARM.Collect$$libshutdown$$00000002  c_w.l(libshutdown2.o)
    0x08000256   0x08000256   0x00000000   Code   RO          951    .ARM.Collect$$libshutdown$$00000004  c_w.l(libshutdown2.o)
    0x08000256   0x08000256   0x00000000   Code   RO          954    .ARM.Collect$$libshutdown$$00000007  c_w.l(libshutdown2.o)
    0x08000256   0x08000256   0x00000000   Code   RO          957    .ARM.Collect$$libshutdown$$0000000A  c_w.l(libshutdown2.o)
    0x08000256   0x08000256   0x00000000   Code   RO          959    .ARM.Collect$$libshutdown$$0000000C  c_w.l(libshutdown2.o)
    0x08000256   0x08000256   0x00000000   Code   RO          962    .ARM.Collect$$libshutdown$$0000000F  c_w.l(libshutdown2.o)
    0x08000256   0x08000256   0x00000002   Code   RO          963    .ARM.Collect$$libshutdown$$00000010  c_w.l(libshutdown2.o)
    0x08000258   0x08000258   0x00000000   Code   RO          627    .ARM.Collect$$rtentry$$00000000  c_w.l(__rtentry.o)
    0x08000258   0x08000258   0x00000000   Code   RO          743    .ARM.Collect$$rtentry$$00000002  c_w.l(__rtentry2.o)
    0x08000258   0x08000258   0x00000006   Code   RO          755    .ARM.Collect$$rtentry$$00000004  c_w.l(__rtentry4.o)
    0x0800025e   0x0800025e   0x00000000   Code   RO          745    .ARM.Collect$$rtentry$$00000009  c_w.l(__rtentry2.o)
    0x0800025e   0x0800025e   0x00000004   Code   RO          746    .ARM.Collect$$rtentry$$0000000A  c_w.l(__rtentry2.o)
    0x08000262   0x08000262   0x00000000   Code   RO          748    .ARM.Collect$$rtentry$$0000000C  c_w.l(__rtentry2.o)
    0x08000262   0x08000262   0x00000008   Code   RO          749    .ARM.Collect$$rtentry$$0000000D  c_w.l(__rtentry2.o)
    0x0800026a   0x0800026a   0x00000002   Code   RO          835    .ARM.Collect$$rtexit$$00000000  c_w.l(rtexit.o)
    0x0800026c   0x0800026c   0x00000000   Code   RO          896    .ARM.Collect$$rtexit$$00000002  c_w.l(rtexit2.o)
    0x0800026c   0x0800026c   0x00000004   Code   RO          897    .ARM.Collect$$rtexit$$00000003  c_w.l(rtexit2.o)
    0x08000270   0x08000270   0x00000006   Code   RO          898    .ARM.Collect$$rtexit$$00000004  c_w.l(rtexit2.o)
    0x08000276   0x08000276   0x00000002   PAD
    0x08000278   0x08000278   0x00000130   Code   RO            1    .text               main.o
    0x080003a8   0x080003a8   0x0000001a   Code   RO          173    .text               stm32f10x_it.o
    0x080003c2   0x080003c2   0x00000002   PAD
    0x080003c4   0x080003c4   0x000001e0   Code   RO          214    .text               system_stm32f10x.o
    0x080005a4   0x080005a4   0x000005b4   Code   RO          232    .text               action.o
    0x08000b58   0x08000b58   0x0000068c   Code   RO          281    .text               ms5837.o
    0x080011e4   0x080011e4   0x000000b4   Code   RO          318    .text               a4988.o
    0x08001298   0x08001298   0x000002d0   Code   RO          333    .text               servo.o
    0x08001568   0x08001568   0x000000a8   Code   RO          345    .text               motor.o
    0x08001610   0x08001610   0x00000058   Code   RO          357    .text               gpio.o
    0x08001668   0x08001668   0x00000214   Code   RO          388    .text               timer.o
    0x0800187c   0x0800187c   0x00000220   Code   RO          400    .text               iic.o
    0x08001a9c   0x08001a9c   0x0000005e   Code   RO          412    .text               delay.o
    0x08001afa   0x08001afa   0x00000002   PAD
    0x08001afc   0x08001afc   0x000002dc   Code   RO          441    .text               usart.o
    0x08001dd8   0x08001dd8   0x00000040   Code   RO          477    .text               startup_stm32f10x_hd.o
    0x08001e18   0x08001e18   0x000000dc   Code   RO          481    .text               misc.o
    0x08001ef4   0x08001ef4   0x0000035c   Code   RO          493    .text               stm32f10x_gpio.o
    0x08002250   0x08002250   0x000003a4   Code   RO          505    .text               stm32f10x_rcc.o
    0x080025f4   0x080025f4   0x00000e1a   Code   RO          519    .text               stm32f10x_tim.o
    0x0800340e   0x0800340e   0x00000002   PAD
    0x08003410   0x08003410   0x00000408   Code   RO          531    .text               stm32f10x_usart.o
    0x08003818   0x08003818   0x000000ee   Code   RO          569    .text               c_w.l(lludivv7m.o)
    0x08003906   0x08003906   0x00000002   PAD
    0x08003908   0x08003908   0x00000024   Code   RO          571    .text               c_w.l(vsprintf.o)
    0x0800392c   0x0800392c   0x00000006   Code   RO          573    .text               c_w.l(heapauxi.o)
    0x08003932   0x08003932   0x0000004e   Code   RO          634    .text               c_w.l(_printf_pad.o)
    0x08003980   0x08003980   0x00000024   Code   RO          636    .text               c_w.l(_printf_truncate.o)
    0x080039a4   0x080039a4   0x00000052   Code   RO          638    .text               c_w.l(_printf_str.o)
    0x080039f6   0x080039f6   0x00000002   PAD
    0x080039f8   0x080039f8   0x00000078   Code   RO          640    .text               c_w.l(_printf_dec.o)
    0x08003a70   0x08003a70   0x00000028   Code   RO          642    .text               c_w.l(_printf_charcount.o)
    0x08003a98   0x08003a98   0x00000030   Code   RO          644    .text               c_w.l(_printf_char_common.o)
    0x08003ac8   0x08003ac8   0x0000000a   Code   RO          646    .text               c_w.l(_sputc.o)
    0x08003ad2   0x08003ad2   0x00000002   PAD
    0x08003ad4   0x08003ad4   0x000000bc   Code   RO          648    .text               c_w.l(_printf_wctomb.o)
    0x08003b90   0x08003b90   0x0000007c   Code   RO          651    .text               c_w.l(_printf_longlong_dec.o)
    0x08003c0c   0x08003c0c   0x00000070   Code   RO          657    .text               c_w.l(_printf_oct_int_ll.o)
    0x08003c7c   0x08003c7c   0x00000094   Code   RO          677    .text               c_w.l(_printf_hex_int_ll_ptr.o)
    0x08003d10   0x08003d10   0x00000188   Code   RO          697    .text               c_w.l(__printf_flags_ss_wp.o)
    0x08003e98   0x08003e98   0x0000008a   Code   RO          759    .text               c_w.l(lludiv10.o)
    0x08003f22   0x08003f22   0x000000b2   Code   RO          761    .text               c_w.l(_printf_intcommon.o)
    0x08003fd4   0x08003fd4   0x0000041a   Code   RO          763    .text               c_w.l(_printf_fp_dec.o)
    0x080043ee   0x080043ee   0x00000002   PAD
    0x080043f0   0x080043f0   0x000002fc   Code   RO          765    .text               c_w.l(_printf_fp_hex.o)
    0x080046ec   0x080046ec   0x0000002c   Code   RO          770    .text               c_w.l(_printf_char.o)
    0x08004718   0x08004718   0x0000002c   Code   RO          772    .text               c_w.l(_printf_wchar.o)
    0x08004744   0x08004744   0x00000040   Code   RO          775    .text               c_w.l(_wcrtomb.o)
    0x08004784   0x08004784   0x0000004a   Code   RO          777    .text               c_w.l(sys_stackheap_outer.o)
    0x080047ce   0x080047ce   0x00000002   PAD
    0x080047d0   0x080047d0   0x00000010   Code   RO          779    .text               c_w.l(rt_ctype_table.o)
    0x080047e0   0x080047e0   0x00000008   Code   RO          784    .text               c_w.l(rt_locale_intlibspace.o)
    0x080047e8   0x080047e8   0x00000080   Code   RO          786    .text               c_w.l(_printf_fp_infnan.o)
    0x08004868   0x08004868   0x000000dc   Code   RO          788    .text               c_w.l(bigflt0.o)
    0x08004944   0x08004944   0x00000012   Code   RO          816    .text               c_w.l(exit.o)
    0x08004956   0x08004956   0x00000002   PAD
    0x08004958   0x08004958   0x00000008   Code   RO          832    .text               c_w.l(libspace.o)
    0x08004960   0x08004960   0x00000080   Code   RO          846    .text               c_w.l(strcmpv7m.o)
    0x080049e0   0x080049e0   0x0000000c   Code   RO          893    .text               c_w.l(sys_exit.o)
    0x080049ec   0x080049ec   0x00000002   Code   RO          912    .text               c_w.l(use_no_semi.o)
    0x080049ee   0x080049ee   0x00000000   Code   RO          914    .text               c_w.l(indicate_semi.o)
    0x080049ee   0x080049ee   0x0000003e   Code   RO          791    CL$$btod_d2e        c_w.l(btod.o)
    0x08004a2c   0x08004a2c   0x00000046   Code   RO          793    CL$$btod_d2e_denorm_low  c_w.l(btod.o)
    0x08004a72   0x08004a72   0x00000060   Code   RO          792    CL$$btod_d2e_norm_op1  c_w.l(btod.o)
    0x08004ad2   0x08004ad2   0x00000338   Code   RO          801    CL$$btod_div_common  c_w.l(btod.o)
    0x08004e0a   0x08004e0a   0x000000c6   Code   RO          798    CL$$btod_e2e        c_w.l(btod.o)
    0x08004ed0   0x08004ed0   0x00000028   Code   RO          795    CL$$btod_ediv       c_w.l(btod.o)
    0x08004ef8   0x08004ef8   0x00000028   Code   RO          794    CL$$btod_emul       c_w.l(btod.o)
    0x08004f20   0x08004f20   0x00000244   Code   RO          800    CL$$btod_mult_common  c_w.l(btod.o)
    0x08005164   0x08005164   0x00000028   Code   RO          830    i.__ARM_fpclassify  m_ws.l(fpclassify.o)
    0x0800518c   0x0800518c   0x0000000e   Code   RO          690    i._is_digit         c_w.l(__printf_wp.o)
    0x0800519a   0x0800519a   0x00000002   PAD
    0x0800519c   0x0800519c   0x0000002c   Code   RO          814    locale$$code        c_w.l(lc_numeric_c.o)
    0x080051c8   0x080051c8   0x0000002c   Code   RO          840    locale$$code        c_w.l(lc_ctype_c.o)
    0x080051f4   0x080051f4   0x00000150   Code   RO          577    x$fpl$dadd          fz_ws.l(daddsub_clz.o)
    0x08005344   0x08005344   0x000002b0   Code   RO          584    x$fpl$ddiv          fz_ws.l(ddiv.o)
    0x080055f4   0x080055f4   0x0000005a   Code   RO          587    x$fpl$dfixu         fz_ws.l(dfixu.o)
    0x0800564e   0x0800564e   0x00000026   Code   RO          591    x$fpl$dfltu         fz_ws.l(dflt_clz.o)
    0x08005674   0x08005674   0x0000008a   Code   RO          598    x$fpl$dfltull       fz_ws.l(dfltll_clz.o)
    0x080056fe   0x080056fe   0x00000002   PAD
    0x08005700   0x08005700   0x00000154   Code   RO          601    x$fpl$dmul          fz_ws.l(dmul.o)
    0x08005854   0x08005854   0x0000009c   Code   RO          723    x$fpl$dnaninf       fz_ws.l(dnaninf.o)
    0x080058f0   0x080058f0   0x0000000c   Code   RO          725    x$fpl$dretinf       fz_ws.l(dretinf.o)
    0x080058fc   0x080058fc   0x00000016   Code   RO          578    x$fpl$drsb          fz_ws.l(daddsub_clz.o)
    0x08005912   0x08005912   0x00000002   PAD
    0x08005914   0x08005914   0x000001d4   Code   RO          579    x$fpl$dsub          fz_ws.l(daddsub_clz.o)
    0x08005ae8   0x08005ae8   0x00000056   Code   RO          603    x$fpl$f2d           fz_ws.l(f2d.o)
    0x08005b3e   0x08005b3e   0x00000002   PAD
    0x08005b40   0x08005b40   0x000000c4   Code   RO          605    x$fpl$fadd          fz_ws.l(faddsub_clz.o)
    0x08005c04   0x08005c04   0x00000018   Code   RO          727    x$fpl$fcmpinf       fz_ws.l(fcmpi.o)
    0x08005c1c   0x08005c1c   0x00000184   Code   RO          612    x$fpl$fdiv          fz_ws.l(fdiv.o)
    0x08005da0   0x08005da0   0x0000003e   Code   RO          615    x$fpl$ffixu         fz_ws.l(ffixu.o)
    0x08005dde   0x08005dde   0x00000060   Code   RO          619    x$fpl$ffltll        fz_ws.l(ffltll_clz.o)
    0x08005e3e   0x08005e3e   0x00000002   PAD
    0x08005e40   0x08005e40   0x00000068   Code   RO          621    x$fpl$fleqf         fz_ws.l(fleqf.o)
    0x08005ea8   0x08005ea8   0x00000102   Code   RO          623    x$fpl$fmul          fz_ws.l(fmul.o)
    0x08005faa   0x08005faa   0x0000008c   Code   RO          729    x$fpl$fnaninf       fz_ws.l(fnaninf.o)
    0x08006036   0x08006036   0x0000000a   Code   RO          731    x$fpl$fretinf       fz_ws.l(fretinf.o)
    0x08006040   0x08006040   0x00000062   Code   RO          625    x$fpl$frleqf        fz_ws.l(frleqf.o)
    0x080060a2   0x080060a2   0x00000002   PAD
    0x080060a4   0x080060a4   0x000000ea   Code   RO          607    x$fpl$fsub          fz_ws.l(faddsub_clz.o)
    0x0800618e   0x0800618e   0x00000004   Code   RO          733    x$fpl$printf1       fz_ws.l(printf1.o)
    0x08006192   0x08006192   0x00000004   Code   RO          735    x$fpl$printf2       fz_ws.l(printf2.o)
    0x08006196   0x08006196   0x00000000   Code   RO          741    x$fpl$usenofp       fz_ws.l(usenofp.o)
    0x08006196   0x08006196   0x00000002   PAD
    0x08006198   0x08006198   0x00000008   Data   RO          649    .constdata          c_w.l(_printf_wctomb.o)
    0x080061a0   0x080061a0   0x00000028   Data   RO          678    .constdata          c_w.l(_printf_hex_int_ll_ptr.o)
    0x080061c8   0x080061c8   0x00000011   Data   RO          698    .constdata          c_w.l(__printf_flags_ss_wp.o)
    0x080061d9   0x080061d9   0x00000026   Data   RO          766    .constdata          c_w.l(_printf_fp_hex.o)
    0x080061ff   0x080061ff   0x00000001   PAD
    0x08006200   0x08006200   0x00000094   Data   RO          789    .constdata          c_w.l(bigflt0.o)
    0x08006294   0x08006294   0x00000020   Data   RO          964    Region$$Table       anon$$obj.o
    0x080062b4   0x080062b4   0x0000001c   Data   RO          813    locale$$data        c_w.l(lc_numeric_c.o)
    0x080062d0   0x080062d0   0x00000110   Data   RO          839    locale$$data        c_w.l(lc_ctype_c.o)


    Execution Region RW_IRAM1 (Exec base: 0x20000000, Load base: 0x080063e0, Size: 0x00000890, Max: 0x00005000, ABSOLUTE)

    Exec Addr    Load Addr    Size         Type   Attr      Idx    E Section Name        Object

    0x20000000   0x080063e0   0x00000010   Data   RW            2    .data               main.o
    0x20000010   0x080063f0   0x00000014   Data   RW          215    .data               system_stm32f10x.o
    0x20000024   0x08006404   0x00000004   PAD
    0x20000028   0x08006408   0x00000078   Data   RW          283    .data               ms5837.o
    0x200000a0   0x08006480   0x00000008   Data   RW          319    .data               a4988.o
    0x200000a8   0x08006488   0x0000001f   Data   RW          443    .data               usart.o
    0x200000c7   0x080064a7   0x00000014   Data   RW          506    .data               stm32f10x_rcc.o
    0x200000db   0x080064bb   0x00000001   PAD
    0x200000dc        -       0x00000054   Zero   RW          282    .bss                ms5837.o
    0x20000130        -       0x00000100   Zero   RW          442    .bss                usart.o
    0x20000230        -       0x00000060   Zero   RW          833    .bss                c_w.l(libspace.o)
    0x20000290        -       0x00000200   Zero   RW          475    HEAP                startup_stm32f10x_hd.o
    0x20000490        -       0x00000400   Zero   RW          474    STACK               startup_stm32f10x_hd.o


==============================================================================

Image component sizes


      Code (inc. data)   RO Data    RW Data    ZI Data      Debug   Object Name

       180         14          0          8          0       1126   a4988.o
      1460         36          0          0          0       2861   action.o
        94          0          0          0          0        844   delay.o
        88         12          0          0          0        474   gpio.o
       544         10          0          0          0       2866   iic.o
       304         22          0         16          0     252582   main.o
       220         22          0          0          0       1777   misc.o
       168          8          0          0          0        599   motor.o
      1676        148          0        120         84       3720   ms5837.o
       720         48          0          0          0       3494   servo.o
        64         26        304          0       1536        788   startup_stm32f10x_hd.o
       860         38          0          0          0       5709   stm32f10x_gpio.o
        26          0          0          0          0       1166   stm32f10x_it.o
       932         36          0         20          0       8872   stm32f10x_rcc.o
      3610         88          0          0          0      22816   stm32f10x_tim.o
      1032         22          0          0          0       8432   stm32f10x_usart.o
         0          0          0          0          0         32   sys.o
       480         38          0         20          0       1703   system_stm32f10x.o
       532         16          0          0          0        821   timer.o
       732         60          0         31        256       6414   usart.o

    ----------------------------------------------------------------------
     13728        644        336        220       1876     327096   Object Totals
         0          0         32          0          0          0   (incl. Generated)
         6          0          0          5          0          0   (incl. Padding)

    ----------------------------------------------------------------------

      Code (inc. data)   RO Data    RW Data    ZI Data      Debug   Library Member Name

         8          0          0          0          0         68   __main.o
       392          4         17          0          0         92   __printf_flags_ss_wp.o
        14          0          0          0          0         68   __printf_wp.o
         0          0          0          0          0          0   __rtentry.o
        12          0          0          0          0          0   __rtentry2.o
         6          0          0          0          0          0   __rtentry4.o
        52          8          0          0          0          0   __scatter.o
        26          0          0          0          0          0   __scatter_copy.o
        28          0          0          0          0          0   __scatter_zi.o
         6          0          0          0          0          0   _printf_a.o
         6          0          0          0          0          0   _printf_c.o
        44          0          0          0          0        108   _printf_char.o
        48          6          0          0          0         96   _printf_char_common.o
        40          0          0          0          0         68   _printf_charcount.o
         6          0          0          0          0          0   _printf_d.o
       120         16          0          0          0         92   _printf_dec.o
         6          0          0          0          0          0   _printf_e.o
         6          0          0          0          0          0   _printf_f.o
      1050          0          0          0          0        216   _printf_fp_dec.o
       764         10         38          0          0        100   _printf_fp_hex.o
       128         16          0          0          0         84   _printf_fp_infnan.o
         6          0          0          0          0          0   _printf_g.o
       148          4         40          0          0        160   _printf_hex_int_ll_ptr.o
         6          0          0          0          0          0   _printf_i.o
       178          0          0          0          0         88   _printf_intcommon.o
        10          0          0          0          0          0   _printf_l.o
         6          0          0          0          0          0   _printf_lc.o
        10          0          0          0          0          0   _printf_ll.o
         6          0          0          0          0          0   _printf_lld.o
         6          0          0          0          0          0   _printf_lli.o
         6          0          0          0          0          0   _printf_llo.o
         6          0          0          0          0          0   _printf_llu.o
         6          0          0          0          0          0   _printf_llx.o
       124         16          0          0          0         92   _printf_longlong_dec.o
         6          0          0          0          0          0   _printf_ls.o
         6          0          0          0          0          0   _printf_n.o
         6          0          0          0          0          0   _printf_o.o
       112          8          0          0          0        124   _printf_oct_int_ll.o
         6          0          0          0          0          0   _printf_p.o
        78          0          0          0          0        108   _printf_pad.o
         0          0          0          0          0          0   _printf_percent.o
         4          0          0          0          0          0   _printf_percent_end.o
         6          0          0          0          0          0   _printf_s.o
        82          0          0          0          0         80   _printf_str.o
        36          0          0          0          0         84   _printf_truncate.o
         6          0          0          0          0          0   _printf_u.o
        44          0          0          0          0        108   _printf_wchar.o
       188          6          8          0          0         92   _printf_wctomb.o
         6          0          0          0          0          0   _printf_x.o
        10          0          0          0          0         68   _sputc.o
        64          0          0          0          0         92   _wcrtomb.o
       220          4        148          0          0         96   bigflt0.o
      1910        128          0          0          0        672   btod.o
        18          0          0          0          0         80   exit.o
         6          0          0          0          0        152   heapauxi.o
         0          0          0          0          0          0   indicate_semi.o
        44         10        272          0          0         76   lc_ctype_c.o
        44         10         28          0          0         76   lc_numeric_c.o
         2          0          0          0          0          0   libinit.o
        30          0          0          0          0          0   libinit2.o
         2          0          0          0          0          0   libshutdown.o
         2          0          0          0          0          0   libshutdown2.o
         8          4          0          0         96         68   libspace.o
       138          0          0          0          0         80   lludiv10.o
       238          0          0          0          0        100   lludivv7m.o
        16          4          0          0          0         76   rt_ctype_table.o
         8          4          0          0          0         68   rt_locale_intlibspace.o
         2          0          0          0          0          0   rtexit.o
        10          0          0          0          0          0   rtexit2.o
       128          0          0          0          0         68   strcmpv7m.o
        12          4          0          0          0         68   sys_exit.o
        74          0          0          0          0         80   sys_stackheap_outer.o
         2          0          0          0          0         68   use_no_semi.o
        36          4          0          0          0         76   vsprintf.o
       826         16          0          0          0        348   daddsub_clz.o
       688        140          0          0          0        208   ddiv.o
        90          4          0          0          0         92   dfixu.o
        38          0          0          0          0         68   dflt_clz.o
       138          0          0          0          0         84   dfltll_clz.o
       340         12          0          0          0        104   dmul.o
       156          4          0          0          0         92   dnaninf.o
        12          0          0          0          0         68   dretinf.o
        86          4          0          0          0         84   f2d.o
       430          8          0          0          0        168   faddsub_clz.o
        24          0          0          0          0         68   fcmpi.o
       388         76          0          0          0         96   fdiv.o
        62          4          0          0          0         84   ffixu.o
        96          0          0          0          0         84   ffltll_clz.o
       104          4          0          0          0         84   fleqf.o
       258          4          0          0          0         84   fmul.o
       140          4          0          0          0         84   fnaninf.o
        10          0          0          0          0         68   fretinf.o
        98          0          0          0          0         68   frleqf.o
         4          0          0          0          0         68   printf1.o
         4          0          0          0          0         68   printf2.o
         0          0          0          0          0          0   usenofp.o
        40          0          0          0          0         68   fpclassify.o

    ----------------------------------------------------------------------
     10952        546        552          0         96       6232   Library Totals
        30          0          1          0          0          0   (incl. Padding)

    ----------------------------------------------------------------------

      Code (inc. data)   RO Data    RW Data    ZI Data      Debug   Library Name

      6890        266        551          0         96       3992   c_w.l
      3992        280          0          0          0       2172   fz_ws.l
        40          0          0          0          0         68   m_ws.l

    ----------------------------------------------------------------------
     10952        546        552          0         96       6232   Library Totals

    ----------------------------------------------------------------------

==============================================================================


      Code (inc. data)   RO Data    RW Data    ZI Data      Debug   

     24680       1190        888        220       1972     328332   Grand Totals
     24680       1190        888        220       1972     328332   ELF Image Totals
     24680       1190        888        220          0          0   ROM Totals

==============================================================================

    Total RO  Size (Code + RO Data)                25568 (  24.97kB)
    Total RW  Size (RW Data + ZI Data)              2192 (   2.14kB)
    Total ROM Size (Code + RO Data + RW Data)      25788 (  25.18kB)

==============================================================================

