<html>
<body>
<pre>
<h1>µVision Build Log</h1>
<h2>Tool Versions:</h2>
IDE-Version: ¦ÌVision V5.40.0.0
Copyright (C) 2024 ARM Ltd and ARM Germany GmbH. All rights reserved.
License Information: Lain Administrator, Lain, LIC=65ISZ-J0XUS-30JNC-7T01F-3FT80-TCIN2
 
Tool Versions:
Toolchain:       MDK-ARM Plus  Version: 5.40.0.3
Toolchain Path:  D:\Software\keil_V5\ARM\ARMCC\Bin
C Compiler:      Armcc.exe V5.06 update 1 (build 61)
Assembler:       Armasm.exe V5.06 update 1 (build 61)
Linker/Locator:  ArmLink.exe V5.06 update 1 (build 61)
Library Manager: ArmAr.exe V5.06 update 1 (build 61)
Hex Converter:   FromElf.exe V5.06 update 1 (build 61)
CPU DLL:         SARMCM3.DLL V5.40.0.3
Dialog DLL:      DCM.DLL V1.17.5.0
Target DLL:      Segger\JL2CM3.dll V2.99.44.0
Dialog DLL:      TCM.DLL V1.56.4.0
 
<h2>Project:</h2>
C:\Users\Administrator\Desktop\Boston Big Guy\USER\Boston Big Guy.uvprojx
Project File Date:  11/09/2024

<h2>Output:</h2>
*** Using Compiler 'V5.06 update 1 (build 61)', folder: 'D:\Software\keil_V5\ARM\ARMCC\Bin'
Rebuild target 'Boston Big Guy'
compiling system_stm32f10x.c...
compiling stm32f10x_it.c...
compiling Servo.c...
compiling JY901S.c...
compiling Motor.c...
compiling A4988.c...
compiling led.c...
compiling AS5600.c...
compiling main.c...
compiling Action.c...
compiling MS5837.c...
compiling GPIO.c...
assembling startup_stm32f10x_hd.s...
compiling stmflash.c...
compiling timer.c...
compiling IIC.c...
compiling delay.c...
compiling misc.c...
compiling stm32f10x_gpio.c...
compiling usart.c...
compiling core_cm3.c...
compiling sys.c...
compiling stm32f10x_rcc.c...
compiling stm32f10x_tim.c...
compiling stm32f10x_usart.c...
compiling stm32f10x_flash.c...
compiling stm32f10x_adc.c...
linking...
Program Size: Code=24680 RO-data=888 RW-data=220 ZI-data=1972  
FromELF: creating hex file...
"..\OBJ\TIMER.axf" - 0 Error(s), 0 Warning(s).

<h2>Software Packages used:</h2>

Package Vendor: Keil
                https://www.keil.com/pack/Keil.STM32F1xx_DFP.2.4.1.pack
                Keil::STM32F1xx_DFP@2.4.1
                STMicroelectronics STM32F1 Series Device Support, Drivers and Examples

<h2>Collection of Component include folders:</h2>
  D:/Software/keil_V5/ARM/Pack/Keil/STM32F1xx_DFP/2.4.1/Device/Include

<h2>Collection of Component Files used:</h2>
Build Time Elapsed:  00:00:03
</pre>
</body>
</html>
